Component: ARM Compiler 5.06 update 1 (build 61) Tool: armlink [4d35a8]

==============================================================================

Section Cross References

    startup_stm32f207xx.o(RESET) refers to startup_stm32f207xx.o(STACK) for __initial_sp
    startup_stm32f207xx.o(RESET) refers to startup_stm32f207xx.o(.text) for Reset_Handler
    startup_stm32f207xx.o(RESET) refers to stm32f2xx_it.o(i.NMI_Handler) for NMI_Handler
    startup_stm32f207xx.o(RESET) refers to stm32f2xx_it.o(i.HardFault_Handler) for HardFault_Handler
    startup_stm32f207xx.o(RESET) refers to stm32f2xx_it.o(i.MemManage_Handler) for MemManage_Handler
    startup_stm32f207xx.o(RESET) refers to stm32f2xx_it.o(i.BusFault_Handler) for BusFault_Handler
    startup_stm32f207xx.o(RESET) refers to stm32f2xx_it.o(i.UsageFault_Handler) for UsageFault_Handler
    startup_stm32f207xx.o(RESET) refers to stm32f2xx_it.o(i.SVC_Handler) for SVC_Handler
    startup_stm32f207xx.o(RESET) refers to stm32f2xx_it.o(i.DebugMon_Handler) for DebugMon_Handler
    startup_stm32f207xx.o(RESET) refers to stm32f2xx_it.o(i.PendSV_Handler) for PendSV_Handler
    startup_stm32f207xx.o(RESET) refers to stm32f2xx_it.o(i.SysTick_Handler) for SysTick_Handler
    startup_stm32f207xx.o(RESET) refers to stm32f2xx_it.o(i.CAN1_RX0_IRQHandler) for CAN1_RX0_IRQHandler
    startup_stm32f207xx.o(RESET) refers to stm32f2xx_it.o(i.OTG_FS_IRQHandler) for OTG_FS_IRQHandler
    startup_stm32f207xx.o(.text) refers to system_stm32f2xx.o(i.SystemInit) for SystemInit
    startup_stm32f207xx.o(.text) refers to entry.o(.ARM.Collect$$$$00000000) for __main
    main.o(i.CANFilter_Config) refers to stm32f2xx_hal_can.o(i.HAL_CAN_ConfigFilter) for HAL_CAN_ConfigFilter
    main.o(i.CANFilter_Config) refers to main.o(i.Error_Handler) for Error_Handler
    main.o(i.CANFilter_Config) refers to can.o(.bss) for hcan1
    main.o(i.HAL_CAN_RxFifo0MsgPendingCallback) refers to stm32f2xx_hal_can.o(i.HAL_CAN_GetRxMessage) for HAL_CAN_GetRxMessage
    main.o(i.HAL_CAN_RxFifo0MsgPendingCallback) refers to printf8.o(i.__0sprintf$8) for __2sprintf
    main.o(i.HAL_CAN_RxFifo0MsgPendingCallback) refers to usbd_cdc_if.o(i.CDC_Transmit_FS) for CDC_Transmit_FS
    main.o(i.HAL_CAN_RxFifo0MsgPendingCallback) refers to can.o(.bss) for hcan1
    main.o(i.HAL_CAN_RxFifo0MsgPendingCallback) refers to main.o(.data) for canrecv_cnt
    main.o(i.SystemClock_Config) refers to memseta.o(.text) for __aeabi_memclr4
    main.o(i.SystemClock_Config) refers to stm32f2xx_hal_rcc.o(i.HAL_RCC_OscConfig) for HAL_RCC_OscConfig
    main.o(i.SystemClock_Config) refers to main.o(i.Error_Handler) for Error_Handler
    main.o(i.SystemClock_Config) refers to stm32f2xx_hal_rcc.o(i.HAL_RCC_ClockConfig) for HAL_RCC_ClockConfig
    main.o(i.cansend) refers to stm32f2xx_hal_can.o(i.HAL_CAN_AddTxMessage) for HAL_CAN_AddTxMessage
    main.o(i.cansend) refers to can.o(.bss) for hcan1
    main.o(i.handle_cantest_welcome) refers to printf8.o(i.__0sprintf$8) for __2sprintf
    main.o(i.handle_cantest_welcome) refers to usbd_cdc_if.o(i.CDC_Transmit_FS) for CDC_Transmit_FS
    main.o(i.main) refers to stm32f2xx_hal.o(i.HAL_Init) for HAL_Init
    main.o(i.main) refers to main.o(i.SystemClock_Config) for SystemClock_Config
    main.o(i.main) refers to gpio.o(i.MX_GPIO_Init) for MX_GPIO_Init
    main.o(i.main) refers to usb_device.o(i.MX_USB_DEVICE_Init) for MX_USB_DEVICE_Init
    main.o(i.main) refers to can.o(i.MX_CAN1_Init) for MX_CAN1_Init
    main.o(i.main) refers to stm32f2xx_hal_gpio.o(i.HAL_GPIO_WritePin) for HAL_GPIO_WritePin
    main.o(i.main) refers to main.o(i.CANFilter_Config) for CANFilter_Config
    main.o(i.main) refers to stm32f2xx_hal_can.o(i.HAL_CAN_ActivateNotification) for HAL_CAN_ActivateNotification
    main.o(i.main) refers to stm32f2xx_hal_can.o(i.HAL_CAN_Start) for HAL_CAN_Start
    main.o(i.main) refers to stm32f2xx_hal.o(i.HAL_Delay) for HAL_Delay
    main.o(i.main) refers to flash_if.o(i.FLASH_If_Init) for FLASH_If_Init
    main.o(i.main) refers to menu.o(i.IAP_Init) for IAP_Init
    main.o(i.main) refers to menu.o(i.Main_Menu) for Main_Menu
    main.o(i.main) refers to can.o(.bss) for hcan1
    main.o(i.send_hex_data) refers to main.o(i.cansend) for cansend
    gpio.o(i.MX_GPIO_Init) refers to memseta.o(.text) for __aeabi_memclr4
    gpio.o(i.MX_GPIO_Init) refers to stm32f2xx_hal_gpio.o(i.HAL_GPIO_WritePin) for HAL_GPIO_WritePin
    gpio.o(i.MX_GPIO_Init) refers to stm32f2xx_hal_gpio.o(i.HAL_GPIO_Init) for HAL_GPIO_Init
    can.o(i.HAL_CAN_MspDeInit) refers to stm32f2xx_hal_gpio.o(i.HAL_GPIO_DeInit) for HAL_GPIO_DeInit
    can.o(i.HAL_CAN_MspDeInit) refers to stm32f2xx_hal_cortex.o(i.HAL_NVIC_DisableIRQ) for HAL_NVIC_DisableIRQ
    can.o(i.HAL_CAN_MspInit) refers to memseta.o(.text) for __aeabi_memclr4
    can.o(i.HAL_CAN_MspInit) refers to stm32f2xx_hal_gpio.o(i.HAL_GPIO_Init) for HAL_GPIO_Init
    can.o(i.HAL_CAN_MspInit) refers to stm32f2xx_hal_cortex.o(i.HAL_NVIC_SetPriority) for HAL_NVIC_SetPriority
[...]
    i.USBD_CDC_DeInit                        0x08003a80   Section        0  usbd_cdc.o(i.USBD_CDC_DeInit)
    USBD_CDC_DeInit                          0x08003a81   Thumb Code    78  usbd_cdc.o(i.USBD_CDC_DeInit)
    i.USBD_CDC_EP0_RxReady                   0x08003ace   Section        0  usbd_cdc.o(i.USBD_CDC_EP0_RxReady)
    USBD_CDC_EP0_RxReady                     0x08003acf   Thumb Code    50  usbd_cdc.o(i.USBD_CDC_EP0_RxReady)
    i.USBD_CDC_GetDeviceQualifierDescriptor  0x08003b00   Section        0  usbd_cdc.o(i.USBD_CDC_GetDeviceQualifierDescriptor)
    i.USBD_CDC_GetFSCfgDesc                  0x08003b10   Section        0  usbd_cdc.o(i.USBD_CDC_GetFSCfgDesc)
    USBD_CDC_GetFSCfgDesc                    0x08003b11   Thumb Code    10  usbd_cdc.o(i.USBD_CDC_GetFSCfgDesc)
    i.USBD_CDC_GetHSCfgDesc                  0x08003b20   Section        0  usbd_cdc.o(i.USBD_CDC_GetHSCfgDesc)
    USBD_CDC_GetHSCfgDesc                    0x08003b21   Thumb Code    10  usbd_cdc.o(i.USBD_CDC_GetHSCfgDesc)
    i.USBD_CDC_GetOtherSpeedCfgDesc          0x08003b30   Section        0  usbd_cdc.o(i.USBD_CDC_GetOtherSpeedCfgDesc)
    USBD_CDC_GetOtherSpeedCfgDesc            0x08003b31   Thumb Code    10  usbd_cdc.o(i.USBD_CDC_GetOtherSpeedCfgDesc)
    i.USBD_CDC_Init                          0x08003b40   Section        0  usbd_cdc.o(i.USBD_CDC_Init)
    USBD_CDC_Init                            0x08003b41   Thumb Code   184  usbd_cdc.o(i.USBD_CDC_Init)
    i.USBD_CDC_ReceivePacket                 0x08003bf8   Section        0  usbd_cdc.o(i.USBD_CDC_ReceivePacket)
    i.USBD_CDC_RegisterInterface             0x08003c32   Section        0  usbd_cdc.o(i.USBD_CDC_RegisterInterface)
    i.USBD_CDC_SetRxBuffer                   0x08003c40   Section        0  usbd_cdc.o(i.USBD_CDC_SetRxBuffer)
    i.USBD_CDC_SetTxBuffer                   0x08003c4e   Section        0  usbd_cdc.o(i.USBD_CDC_SetTxBuffer)
    i.USBD_CDC_Setup                         0x08003c62   Section        0  usbd_cdc.o(i.USBD_CDC_Setup)
    USBD_CDC_Setup                           0x08003c63   Thumb Code   244  usbd_cdc.o(i.USBD_CDC_Setup)
    i.USBD_CDC_TransmitPacket                0x08003d56   Section        0  usbd_cdc.o(i.USBD_CDC_TransmitPacket)
    i.USBD_ClrClassConfig                    0x08003d94   Section        0  usbd_core.o(i.USBD_ClrClassConfig)
    i.USBD_ClrFeature                        0x08003daa   Section        0  usbd_ctlreq.o(i.USBD_ClrFeature)
    USBD_ClrFeature                          0x08003dab   Thumb Code    62  usbd_ctlreq.o(i.USBD_ClrFeature)
    i.USBD_CtlContinueRx                     0x08003de8   Section        0  usbd_ioreq.o(i.USBD_CtlContinueRx)
    i.USBD_CtlContinueSendData               0x08003e00   Section        0  usbd_ioreq.o(i.USBD_CtlContinueSendData)
    i.USBD_CtlError                          0x08003e18   Section        0  usbd_ctlreq.o(i.USBD_CtlError)
    i.USBD_CtlPrepareRx                      0x08003e30   Section        0  usbd_ioreq.o(i.USBD_CtlPrepareRx)
    i.USBD_CtlReceiveStatus                  0x08003e58   Section        0  usbd_ioreq.o(i.USBD_CtlReceiveStatus)
    i.USBD_CtlSendData                       0x08003e72   Section        0  usbd_ioreq.o(i.USBD_CtlSendData)
    i.USBD_CtlSendStatus                     0x08003e94   Section        0  usbd_ioreq.o(i.USBD_CtlSendStatus)
    i.USBD_FS_ConfigStrDescriptor            0x08003eb0   Section        0  usbd_desc.o(i.USBD_FS_ConfigStrDescriptor)
    i.USBD_FS_DeviceDescriptor               0x08003ee4   Section        0  usbd_desc.o(i.USBD_FS_DeviceDescriptor)
    i.USBD_FS_InterfaceStrDescriptor         0x08003ef4   Section        0  usbd_desc.o(i.USBD_FS_InterfaceStrDescriptor)
    i.USBD_FS_LangIDStrDescriptor            0x08003f2c   Section        0  usbd_desc.o(i.USBD_FS_LangIDStrDescriptor)
    i.USBD_FS_ManufacturerStrDescriptor      0x08003f3c   Section        0  usbd_desc.o(i.USBD_FS_ManufacturerStrDescriptor)
    i.USBD_FS_ProductStrDescriptor           0x08003f68   Section        0  usbd_desc.o(i.USBD_FS_ProductStrDescriptor)
    i.USBD_FS_SerialStrDescriptor            0x08003fa8   Section        0  usbd_desc.o(i.USBD_FS_SerialStrDescriptor)
    i.USBD_GetConfig                         0x08003fc0   Section        0  usbd_ctlreq.o(i.USBD_GetConfig)
    USBD_GetConfig                           0x08003fc1   Thumb Code    86  usbd_ctlreq.o(i.USBD_GetConfig)
    i.USBD_GetDescriptor                     0x08004016   Section        0  usbd_ctlreq.o(i.USBD_GetDescriptor)
    USBD_GetDescriptor                       0x08004017   Thumb Code   500  usbd_ctlreq.o(i.USBD_GetDescriptor)
    i.USBD_GetLen                            0x0800420a   Section        0  usbd_ctlreq.o(i.USBD_GetLen)
    USBD_GetLen                              0x0800420b   Thumb Code    20  usbd_ctlreq.o(i.USBD_GetLen)
    i.USBD_GetStatus                         0x0800421e   Section        0  usbd_ctlreq.o(i.USBD_GetStatus)
    USBD_GetStatus                           0x0800421f   Thumb Code    90  usbd_ctlreq.o(i.USBD_GetStatus)
    i.USBD_GetString                         0x08004278   Section        0  usbd_ctlreq.o(i.USBD_GetString)
    i.USBD_Get_USB_Status                    0x080042ca   Section        0  usbd_conf.o(i.USBD_Get_USB_Status)
    i.USBD_Init                              0x080042f6   Section        0  usbd_core.o(i.USBD_Init)
    i.USBD_LL_ClearStallEP                   0x08004328   Section        0  usbd_conf.o(i.USBD_LL_ClearStallEP)
    i.USBD_LL_CloseEP                        0x0800434e   Section        0  usbd_conf.o(i.USBD_LL_CloseEP)
    i.USBD_LL_DataInStage                    0x08004374   Section        0  usbd_core.o(i.USBD_LL_DataInStage)
    i.USBD_LL_DataOutStage                   0x08004474   Section        0  usbd_core.o(i.USBD_LL_DataOutStage)
    i.USBD_LL_DevConnected                   0x0800451a   Section        0  usbd_core.o(i.USBD_LL_DevConnected)
    i.USBD_LL_DevDisconnected                0x08004520   Section        0  usbd_core.o(i.USBD_LL_DevDisconnected)
    i.USBD_LL_GetRxDataSize                  0x0800453a   Section        0  usbd_conf.o(i.USBD_LL_GetRxDataSize)
    i.USBD_LL_Init                           0x0800454c   Section        0  usbd_conf.o(i.USBD_LL_Init)
    i.USBD_LL_IsStallEP                      0x080045b4   Section        0  usbd_conf.o(i.USBD_LL_IsStallEP)
    i.USBD_LL_IsoINIncomplete                0x080045ec   Section        0  usbd_core.o(i.USBD_LL_IsoINIncomplete)
    i.USBD_LL_IsoOUTIncomplete               0x080045f2   Section        0  usbd_core.o(i.USBD_LL_IsoOUTIncomplete)
    i.USBD_LL_OpenEP                         0x080045f8   Section        0  usbd_conf.o(i.USBD_LL_OpenEP)
    i.USBD_LL_PrepareReceive                 0x08004628   Section        0  usbd_conf.o(i.USBD_LL_PrepareReceive)
    i.USBD_LL_Reset                          0x08004658   Section        0  usbd_core.o(i.USBD_LL_Reset)
    i.USBD_LL_Resume                         0x080046b4   Section        0  usbd_core.o(i.USBD_LL_Resume)
    i.USBD_LL_SOF                            0x080046ca   Section        0  usbd_core.o(i.USBD_LL_SOF)
    i.USBD_LL_SetSpeed                       0x080046ec   Section        0  usbd_core.o(i.USBD_LL_SetSpeed)
    i.USBD_LL_SetUSBAddress                  0x080046f4   Section        0  usbd_conf.o(i.USBD_LL_SetUSBAddress)
    i.USBD_LL_SetupStage                     0x0800471a   Section        0  usbd_core.o(i.USBD_LL_SetupStage)
    i.USBD_LL_StallEP                        0x08004788   Section        0  usbd_conf.o(i.USBD_LL_StallEP)
    i.USBD_LL_Start                          0x080047ae   Section        0  usbd_conf.o(i.USBD_LL_Start)
    i.USBD_LL_Suspend                        0x080047cc   Section        0  usbd_core.o(i.USBD_LL_Suspend)
    i.USBD_LL_Transmit                       0x080047e0   Section        0  usbd_conf.o(i.USBD_LL_Transmit)
    i.USBD_ParseSetupRequest                 0x08004810   Section        0  usbd_ctlreq.o(i.USBD_ParseSetupRequest)
    i.USBD_RegisterClass                     0x08004838   Section        0  usbd_core.o(i.USBD_RegisterClass)
    i.USBD_RunTestMode                       0x08004848   Section        0  usbd_core.o(i.USBD_RunTestMode)
    i.USBD_SetAddress                        0x0800484e   Section        0  usbd_ctlreq.o(i.USBD_SetAddress)
    USBD_SetAddress                          0x0800484f   Thumb Code    90  usbd_ctlreq.o(i.USBD_SetAddress)
    i.USBD_SetClassConfig                    0x080048a8   Section        0  usbd_core.o(i.USBD_SetClassConfig)
    i.USBD_SetConfig                         0x080048cc   Section        0  usbd_ctlreq.o(i.USBD_SetConfig)
    USBD_SetConfig                           0x080048cd   Thumb Code   228  usbd_ctlreq.o(i.USBD_SetConfig)
    i.USBD_SetFeature                        0x080049b4   Section        0  usbd_ctlreq.o(i.USBD_SetFeature)
    USBD_SetFeature                          0x080049b5   Thumb Code    24  usbd_ctlreq.o(i.USBD_SetFeature)
    i.USBD_Start                             0x080049cc   Section        0  usbd_core.o(i.USBD_Start)
    i.USBD_StdDevReq                         0x080049da   Section        0  usbd_ctlreq.o(i.USBD_StdDevReq)
    i.USBD_StdEPReq                          0x08004a7c   Section        0  usbd_ctlreq.o(i.USBD_StdEPReq)
    i.USBD_StdItfReq                         0x08004cb4   Section        0  usbd_ctlreq.o(i.USBD_StdItfReq)
    i.USB_ActivateEndpoint                   0x08004d34   Section        0  stm32f2xx_ll_usb.o(i.USB_ActivateEndpoint)
    i.USB_ActivateSetup                      0x08004e04   Section        0  stm32f2xx_ll_usb.o(i.USB_ActivateSetup)
    i.USB_CoreInit                           0x08004e2c   Section        0  stm32f2xx_ll_usb.o(i.USB_CoreInit)
    i.USB_CoreReset                          0x08004ea8   Section        0  stm32f2xx_ll_usb.o(i.USB_CoreReset)
    USB_CoreReset                            0x08004ea9   Thumb Code    84  stm32f2xx_ll_usb.o(i.USB_CoreReset)
    i.USB_DeactivateEndpoint                 0x08004efc   Section        0  stm32f2xx_ll_usb.o(i.USB_DeactivateEndpoint)
    i.USB_DevConnect                         0x08005048   Section        0  stm32f2xx_ll_usb.o(i.USB_DevConnect)
    i.USB_DevDisconnect                      0x0800506c   Section        0  stm32f2xx_ll_usb.o(i.USB_DevDisconnect)
    i.USB_DevInit                            0x08005090   Section        0  stm32f2xx_ll_usb.o(i.USB_DevInit)
    i.USB_DisableGlobalInt                   0x08005278   Section        0  stm32f2xx_ll_usb.o(i.USB_DisableGlobalInt)
    i.USB_EP0_OutStart                       0x08005288   Section        0  stm32f2xx_ll_usb.o(i.USB_EP0_OutStart)
    i.USB_EPClearStall                       0x080052f8   Section        0  stm32f2xx_ll_usb.o(i.USB_EPClearStall)
    i.USB_EPSetStall                         0x08005386   Section        0  stm32f2xx_ll_usb.o(i.USB_EPSetStall)
    i.USB_EPStartXfer                        0x08005420   Section        0  stm32f2xx_ll_usb.o(i.USB_EPStartXfer)
    i.USB_EPStopXfer                         0x080057d4   Section        0  stm32f2xx_ll_usb.o(i.USB_EPStopXfer)
    i.USB_EnableGlobalInt                    0x080058c0   Section        0  stm32f2xx_ll_usb.o(i.USB_EnableGlobalInt)
    i.USB_FlushRxFifo                        0x080058ce   Section        0  stm32f2xx_ll_usb.o(i.USB_FlushRxFifo)
    i.USB_FlushTxFifo                        0x0800591e   Section        0  stm32f2xx_ll_usb.o(i.USB_FlushTxFifo)
    i.USB_GetDevSpeed                        0x08005972   Section        0  stm32f2xx_ll_usb.o(i.USB_GetDevSpeed)
    i.USB_GetMode                            0x08005998   Section        0  stm32f2xx_ll_usb.o(i.USB_GetMode)
    i.USB_ReadDevAllInEpInterrupt            0x080059a2   Section        0  stm32f2xx_ll_usb.o(i.USB_ReadDevAllInEpInterrupt)
    i.USB_ReadDevAllOutEpInterrupt           0x080059b6   Section        0  stm32f2xx_ll_usb.o(i.USB_ReadDevAllOutEpInterrupt)
    i.USB_ReadDevInEPInterrupt               0x080059ca   Section        0  stm32f2xx_ll_usb.o(i.USB_ReadDevInEPInterrupt)
    i.USB_ReadDevOutEPInterrupt              0x080059fc   Section        0  stm32f2xx_ll_usb.o(i.USB_ReadDevOutEPInterrupt)
    i.USB_ReadInterrupts                     0x08005a16   Section        0  stm32f2xx_ll_usb.o(i.USB_ReadInterrupts)
    i.USB_ReadPacket                         0x08005a20   Section        0  stm32f2xx_ll_usb.o(i.USB_ReadPacket)
    i.USB_SetCurrentMode                     0x08005a80   Section        0  stm32f2xx_ll_usb.o(i.USB_SetCurrentMode)
    i.USB_SetDevAddress                      0x08005ae8   Section        0  stm32f2xx_ll_usb.o(i.USB_SetDevAddress)
    i.USB_SetDevSpeed                        0x08005b12   Section        0  stm32f2xx_ll_usb.o(i.USB_SetDevSpeed)
    i.USB_SetTurnaroundTime                  0x08005b24   Section        0  stm32f2xx_ll_usb.o(i.USB_SetTurnaroundTime)
    i.USB_WritePacket                        0x08005c0c   Section        0  stm32f2xx_ll_usb.o(i.USB_WritePacket)
    i.UpdateCRC16                            0x08005c50   Section        0  ymodem.o(i.UpdateCRC16)
    i.UsageFault_Handler                     0x08005c82   Section        0  stm32f2xx_it.o(i.UsageFault_Handler)
    i.Ymodem_Receive                         0x08005c88   Section        0  ymodem.o(i.Ymodem_Receive)
    i.Ymodem_Transmit                        0x08005e4c   Section        0  ymodem.o(i.Ymodem_Transmit)
    i.__0sprintf$8                           0x08006098   Section        0  printf8.o(i.__0sprintf$8)
    i.__NVIC_GetPriorityGrouping             0x080060c0   Section        0  stm32f2xx_hal_cortex.o(i.__NVIC_GetPriorityGrouping)
    __NVIC_GetPriorityGrouping               0x080060c1   Thumb Code    10  stm32f2xx_hal_cortex.o(i.__NVIC_GetPriorityGrouping)
    i.__NVIC_SetPriority                     0x080060d0   Section        0  stm32f2xx_hal_cortex.o(i.__NVIC_SetPriority)
    __NVIC_SetPriority                       0x080060d1   Thumb Code    32  stm32f2xx_hal_cortex.o(i.__NVIC_SetPriority)
    i.__scatterload_copy                     0x080060f8   Section       14  handlers.o(i.__scatterload_copy)
    i.__scatterload_null                     0x08006106   Section        2  handlers.o(i.__scatterload_null)
    i.__scatterload_zeroinit                 0x08006108   Section       14  handlers.o(i.__scatterload_zeroinit)
    i._printf_core                           0x08006118   Section        0  printf8.o(i._printf_core)
    _printf_core                             0x08006119   Thumb Code   996  printf8.o(i._printf_core)
    i._printf_post_padding                   0x08006528   Section        0  printf8.o(i._printf_post_padding)
    _printf_post_padding                     0x08006529   Thumb Code    36  printf8.o(i._printf_post_padding)
    i._printf_pre_padding                    0x0800654c   Section        0  printf8.o(i._printf_pre_padding)
    _printf_pre_padding                      0x0800654d   Thumb Code    46  printf8.o(i._printf_pre_padding)
    i._sputc                                 0x0800657a   Section        0  printf8.o(i._sputc)
    _sputc                                   0x0800657b   Thumb Code    10  printf8.o(i._sputc)
    i.free                                   0x08006584   Section        0  malloc.o(i.free)
    i.handle_restart                         0x080065d4   Section        0  usbd_cdc_if.o(i.handle_restart)
    i.handle_show                            0x08006628   Section        0  usbd_cdc_if.o(i.handle_show)
    i.main                                   0x08006664   Section        0  main.o(i.main)
    i.malloc                                 0x0800674c   Section        0  malloc.o(i.malloc)
    .constdata                               0x080067b8   Section       24  system_stm32f2xx.o(.constdata)
    .conststring                             0x080067d0   Section       13  usbd_cdc_if.o(.conststring)
    .conststring                             0x080067e0   Section      461  menu.o(.conststring)
    .data                                    0x20000000   Section       12  main.o(.data)
    .data                                    0x2000000c   Section        9  stm32f2xx_hal.o(.data)
    .data                                    0x20000018   Section        4  system_stm32f2xx.o(.data)
    .data                                    0x2000001c   Section       78  usbd_desc.o(.data)
    .data                                    0x2000006c   Section       40  usbd_cdc_if.o(.data)
    .data                                    0x20000094   Section        1  usbd_ctlreq.o(.data)
    cfgidx                                   0x20000094   Data           1  usbd_ctlreq.o(.data)
    .data                                    0x20000098   Section      271  usbd_cdc.o(.data)
    USBD_CDC_DeviceQualifierDesc             0x20000098   Data          10  usbd_cdc.o(.data)
    .data                                    0x200001a8   Section       20  menu.o(.data)
    .data                                    0x200001bc   Section        4  mvars.o(.data)
    .data                                    0x200001c0   Section        4  mvars.o(.data)
    .bss                                     0x200001c4   Section       40  can.o(.bss)
    .bss                                     0x200001ec   Section       32  stm32f2xx_hal_flash.o(.bss)
    .bss                                     0x2000020c   Section      708  usb_device.o(.bss)
    .bss                                     0x200004d0   Section      512  usbd_desc.o(.bss)
    .bss                                     0x200006d0   Section     4096  usbd_cdc_if.o(.bss)
    .bss                                     0x200016d0   Section     1244  usbd_conf.o(.bss)
    .bss                                     0x20001bac   Section     1030  ymodem.o(.bss)
    .bss                                     0x20001fb4   Section       76  menu.o(.bss)
    HEAP                                     0x20002000   Section     8192  startup_stm32f207xx.o(HEAP)
    STACK                                    0x20004000   Section     1024  startup_stm32f207xx.o(STACK)

    Global Symbols

    Symbol Name                              Value     Ov Type        Size  Object(Section)

    BuildAttributes$$THM_ISAv4$P$D$K$B$S$PE$A:L22UL41UL21$X:L11$S22US41US21$IEEE1$IW$USESV6$~STKCKD$USESV7$~SHL$OSPACE$ROPI$EBA8$MICROLIB$REQ8$PRES8$EABIv2 0x00000000   Number         0  anon$$obj.o ABSOLUTE
    __ARM_use_no_argv                        0x00000000   Number         0  main.o ABSOLUTE
    _printf_a                                0x00000000   Number         0  stubs.o ABSOLUTE
    _printf_c                                0x00000000   Number         0  stubs.o ABSOLUTE
    _printf_charcount                        0x00000000   Number         0  stubs.o ABSOLUTE
    _printf_d                                0x00000000   Number         0  stubs.o ABSOLUTE
    _printf_e                                0x00000000   Number         0  stubs.o ABSOLUTE
    _printf_f                                0x00000000   Number         0  stubs.o ABSOLUTE
    _printf_flags                            0x00000000   Number         0  stubs.o ABSOLUTE
    _printf_fp_dec                           0x00000000   Number         0  stubs.o ABSOLUTE
    _printf_fp_hex                           0x00000000   Number         0  stubs.o ABSOLUTE
    _printf_g                                0x00000000   Number         0  stubs.o ABSOLUTE
    _printf_i                                0x00000000   Number         0  stubs.o ABSOLUTE
    _printf_int_dec                          0x00000000   Number         0  stubs.o ABSOLUTE
    _printf_l                                0x00000000   Number         0  stubs.o ABSOLUTE
    _printf_lc                               0x00000000   Number         0  stubs.o ABSOLUTE
    _printf_ll                               0x00000000   Number         0  stubs.o ABSOLUTE
    _printf_lld                              0x00000000   Number         0  stubs.o ABSOLUTE
    _printf_lli                              0x00000000   Number         0  stubs.o ABSOLUTE
    _printf_llo                              0x00000000   Number         0  stubs.o ABSOLUTE
    _printf_llu                              0x00000000   Number         0  stubs.o ABSOLUTE
    _printf_llx                              0x00000000   Number         0  stubs.o ABSOLUTE
    _printf_longlong_dec                     0x00000000   Number         0  stubs.o ABSOLUTE
    _printf_longlong_hex                     0x00000000   Number         0  stubs.o ABSOLUTE
    _printf_longlong_oct                     0x00000000   Number         0  stubs.o ABSOLUTE
    _printf_ls                               0x00000000   Number         0  stubs.o ABSOLUTE
    _printf_mbtowc                           0x00000000   Number         0  stubs.o ABSOLUTE
    _printf_n                                0x00000000   Number         0  stubs.o ABSOLUTE
    _printf_o                                0x00000000   Number         0  stubs.o ABSOLUTE
    _printf_p                                0x00000000   Number         0  stubs.o ABSOLUTE
    _printf_percent                          0x00000000   Number         0  stubs.o ABSOLUTE
    _printf_pre_padding                      0x00000000   Number         0  stubs.o ABSOLUTE
    _printf_return_value                     0x00000000   Number         0  stubs.o ABSOLUTE
    _printf_s                                0x00000000   Number         0  stubs.o ABSOLUTE
    _printf_sizespec                         0x00000000   Number         0  stubs.o ABSOLUTE
    _printf_str                              0x00000000   Number         0  stubs.o ABSOLUTE
    _printf_truncate_signed                  0x00000000   Number         0  stubs.o ABSOLUTE
    _printf_truncate_unsigned                0x00000000   Number         0  stubs.o ABSOLUTE
    _printf_u                                0x00000000   Number         0  stubs.o ABSOLUTE
    _printf_wc                               0x00000000   Number         0  stubs.o ABSOLUTE
    _printf_wctomb                           0x00000000   Number         0  stubs.o ABSOLUTE
    _printf_widthprec                        0x00000000   Number         0  stubs.o ABSOLUTE
    _printf_x                                0x00000000   Number         0  stubs.o ABSOLUTE
    __cpp_initialize__aeabi_                  - Undefined Weak Reference
    __cxa_finalize                            - Undefined Weak Reference
    _clock_init                               - Undefined Weak Reference
    _microlib_exit                            - Undefined Weak Reference
    __Vectors_Size                           0x00000184   Number         0  startup_stm32f207xx.o ABSOLUTE
    __Vectors                                0x08000000   Data           4  startup_stm32f207xx.o(RESET)
    __Vectors_End                            0x08000184   Data           0  startup_stm32f207xx.o(RESET)
    __main                                   0x08000185   Thumb Code     0  entry.o(.ARM.Collect$$$$00000000)
    _main_stk                                0x08000185   Thumb Code     0  entry2.o(.ARM.Collect$$$$00000001)
    _main_scatterload                        0x08000189   Thumb Code     0  entry5.o(.ARM.Collect$$$$00000004)
    __main_after_scatterload                 0x0800018d   Thumb Code     0  entry5.o(.ARM.Collect$$$$00000004)
    _main_clock                              0x0800018d   Thumb Code     0  entry7b.o(.ARM.Collect$$$$00000008)
    _main_cpp_init                           0x0800018d   Thumb Code     0  entry8b.o(.ARM.Collect$$$$0000000A)
    _main_init                               0x0800018d   Thumb Code     0  entry9a.o(.ARM.Collect$$$$0000000B)
    __rt_final_cpp                           0x08000195   Thumb Code     0  entry10a.o(.ARM.Collect$$$$0000000D)
    __rt_final_exit                          0x08000195   Thumb Code     0  entry11a.o(.ARM.Collect$$$$0000000F)
    Reset_Handler                            0x08000199   Thumb Code     8  startup_stm32f207xx.o(.text)
    ADC_IRQHandler                           0x080001b3   Thumb Code     0  startup_stm32f207xx.o(.text)
    CAN1_RX1_IRQHandler                      0x080001b3   Thumb Code     0  startup_stm32f207xx.o(.text)
    CAN1_SCE_IRQHandler                      0x080001b3   Thumb Code     0  startup_stm32f207xx.o(.text)
    CAN1_TX_IRQHandler                       0x080001b3   Thumb Code     0  startup_stm32f207xx.o(.text)
    CAN2_RX0_IRQHandler                      0x080001b3   Thumb Code     0  startup_stm32f207xx.o(.text)
    CAN2_RX1_IRQHandler                      0x080001b3   Thumb Code     0  startup_stm32f207xx.o(.text)
    CAN2_SCE_IRQHandler                      0x080001b3   Thumb Code     0  startup_stm32f207xx.o(.text)
    CAN2_TX_IRQHandler                       0x080001b3   Thumb Code     0  startup_stm32f207xx.o(.text)
    DCMI_IRQHandler                          0x080001b3   Thumb Code     0  startup_stm32f207xx.o(.text)
    DMA1_Stream0_IRQHandler                  0x080001b3   Thumb Code     0  startup_stm32f207xx.o(.text)
    DMA1_Stream1_IRQHandler                  0x080001b3   Thumb Code     0  startup_stm32f207xx.o(.text)
    DMA1_Stream2_IRQHandler                  0x080001b3   Thumb Code     0  startup_stm32f207xx.o(.text)
    DMA1_Stream3_IRQHandler                  0x080001b3   Thumb Code     0  startup_stm32f207xx.o(.text)
    DMA1_Stream4_IRQHandler                  0x080001b3   Thumb Code     0  startup_stm32f207xx.o(.text)
    DMA1_Stream5_IRQHandler                  0x080001b3   Thumb Code     0  startup_stm32f207xx.o(.text)
    DMA1_Stream6_IRQHandler                  0x080001b3   Thumb Code     0  startup_stm32f207xx.o(.text)
    DMA1_Stream7_IRQHandler                  0x080001b3   Thumb Code     0  startup_stm32f207xx.o(.text)
    DMA2_Stream0_IRQHandler                  0x080001b3   Thumb Code     0  startup_stm32f207xx.o(.text)
    DMA2_Stream1_IRQHandler                  0x080001b3   Thumb Code     0  startup_stm32f207xx.o(.text)
    DMA2_Stream2_IRQHandler                  0x080001b3   Thumb Code     0  startup_stm32f207xx.o(.text)
    DMA2_Stream3_IRQHandler                  0x080001b3   Thumb Code     0  startup_stm32f207xx.o(.text)
    DMA2_Stream4_IRQHandler                  0x080001b3   Thumb Code     0  startup_stm32f207xx.o(.text)
    DMA2_Stream5_IRQHandler                  0x080001b3   Thumb Code     0  startup_stm32f207xx.o(.text)
    DMA2_Stream6_IRQHandler                  0x080001b3   Thumb Code     0  startup_stm32f207xx.o(.text)
    DMA2_Stream7_IRQHandler                  0x080001b3   Thumb Code     0  startup_stm32f207xx.o(.text)
    ETH_IRQHandler                           0x080001b3   Thumb Code     0  startup_stm32f207xx.o(.text)
    ETH_WKUP_IRQHandler                      0x080001b3   Thumb Code     0  startup_stm32f207xx.o(.text)
    EXTI0_IRQHandler                         0x080001b3   Thumb Code     0  startup_stm32f207xx.o(.text)
    EXTI15_10_IRQHandler                     0x080001b3   Thumb Code     0  startup_stm32f207xx.o(.text)
    EXTI1_IRQHandler                         0x080001b3   Thumb Code     0  startup_stm32f207xx.o(.text)
    EXTI2_IRQHandler                         0x080001b3   Thumb Code     0  startup_stm32f207xx.o(.text)
    EXTI3_IRQHandler                         0x080001b3   Thumb Code     0  startup_stm32f207xx.o(.text)
    EXTI4_IRQHandler                         0x080001b3   Thumb Code     0  startup_stm32f207xx.o(.text)
    EXTI9_5_IRQHandler                       0x080001b3   Thumb Code     0  startup_stm32f207xx.o(.text)
    FLASH_IRQHandler                         0x080001b3   Thumb Code     0  startup_stm32f207xx.o(.text)
    FSMC_IRQHandler                          0x080001b3   Thumb Code     0  startup_stm32f207xx.o(.text)
    HASH_RNG_IRQHandler                      0x080001b3   Thumb Code     0  startup_stm32f207xx.o(.text)
    I2C1_ER_IRQHandler                       0x080001b3   Thumb Code     0  startup_stm32f207xx.o(.text)
    I2C1_EV_IRQHandler                       0x080001b3   Thumb Code     0  startup_stm32f207xx.o(.text)
    I2C2_ER_IRQHandler                       0x080001b3   Thumb Code     0  startup_stm32f207xx.o(.text)
    I2C2_EV_IRQHandler                       0x080001b3   Thumb Code     0  startup_stm32f207xx.o(.text)
    I2C3_ER_IRQHandler                       0x080001b3   Thumb Code     0  startup_stm32f207xx.o(.text)
    I2C3_EV_IRQHandler                       0x080001b3   Thumb Code     0  startup_stm32f207xx.o(.text)
    OTG_FS_WKUP_IRQHandler                   0x080001b3   Thumb Code     0  startup_stm32f207xx.o(.text)
    OTG_HS_EP1_IN_IRQHandler                 0x080001b3   Thumb Code     0  startup_stm32f207xx.o(.text)
    OTG_HS_EP1_OUT_IRQHandler                0x080001b3   Thumb Code     0  startup_stm32f207xx.o(.text)
    OTG_HS_IRQHandler                        0x080001b3   Thumb Code     0  startup_stm32f207xx.o(.text)
    OTG_HS_WKUP_IRQHandler                   0x080001b3   Thumb Code     0  startup_stm32f207xx.o(.text)
    PVD_IRQHandler                           0x080001b3   Thumb Code     0  startup_stm32f207xx.o(.text)
    RCC_IRQHandler                           0x080001b3   Thumb Code     0  startup_stm32f207xx.o(.text)
    RTC_Alarm_IRQHandler                     0x080001b3   Thumb Code     0  startup_stm32f207xx.o(.text)
    RTC_WKUP_IRQHandler                      0x080001b3   Thumb Code     0  startup_stm32f207xx.o(.text)
    SDIO_IRQHandler                          0x080001b3   Thumb Code     0  startup_stm32f207xx.o(.text)
    SPI1_IRQHandler                          0x080001b3   Thumb Code     0  startup_stm32f207xx.o(.text)
    SPI2_IRQHandler                          0x080001b3   Thumb Code     0  startup_stm32f207xx.o(.text)
    SPI3_IRQHandler                          0x080001b3   Thumb Code     0  startup_stm32f207xx.o(.text)
    TAMP_STAMP_IRQHandler                    0x080001b3   Thumb Code     0  startup_stm32f207xx.o(.text)
    TIM1_BRK_TIM9_IRQHandler                 0x080001b3   Thumb Code     0  startup_stm32f207xx.o(.text)
    TIM1_CC_IRQHandler                       0x080001b3   Thumb Code     0  startup_stm32f207xx.o(.text)
    TIM1_TRG_COM_TIM11_IRQHandler            0x080001b3   Thumb Code     0  startup_stm32f207xx.o(.text)
    TIM1_UP_TIM10_IRQHandler                 0x080001b3   Thumb Code     0  startup_stm32f207xx.o(.text)
    TIM2_IRQHandler                          0x080001b3   Thumb Code     0  startup_stm32f207xx.o(.text)
    TIM3_IRQHandler                          0x080001b3   Thumb Code     0  startup_stm32f207xx.o(.text)
    TIM4_IRQHandler                          0x080001b3   Thumb Code     0  startup_stm32f207xx.o(.text)
    TIM5_IRQHandler                          0x080001b3   Thumb Code     0  startup_stm32f207xx.o(.text)
    TIM6_DAC_IRQHandler                      0x080001b3   Thumb Code     0  startup_stm32f207xx.o(.text)
    TIM7_IRQHandler                          0x080001b3   Thumb Code     0  startup_stm32f207xx.o(.text)
    TIM8_BRK_TIM12_IRQHandler                0x080001b3   Thumb Code     0  startup_stm32f207xx.o(.text)
    TIM8_CC_IRQHandler                       0x080001b3   Thumb Code     0  startup_stm32f207xx.o(.text)
    TIM8_TRG_COM_TIM14_IRQHandler            0x080001b3   Thumb Code     0  startup_stm32f207xx.o(.text)
    TIM8_UP_TIM13_IRQHandler                 0x080001b3   Thumb Code     0  startup_stm32f207xx.o(.text)
    UART4_IRQHandler                         0x080001b3   Thumb Code     0  startup_stm32f207xx.o(.text)
    UART5_IRQHandler                         0x080001b3   Thumb Code     0  startup_stm32f207xx.o(.text)
    USART1_IRQHandler                        0x080001b3   Thumb Code     0  startup_stm32f207xx.o(.text)
    USART2_IRQHandler                        0x080001b3   Thumb Code     0  startup_stm32f207xx.o(.text)
    USART3_IRQHandler                        0x080001b3   Thumb Code     0  startup_stm32f207xx.o(.text)
    USART6_IRQHandler                        0x080001b3   Thumb Code     0  startup_stm32f207xx.o(.text)
    WWDG_IRQHandler                          0x080001b3   Thumb Code     0  startup_stm32f207xx.o(.text)
    __aeabi_uldivmod                         0x080001bd   Thumb Code    98  uldiv.o(.text)
    __aeabi_memcpy                           0x0800021f   Thumb Code    36  memcpya.o(.text)
    __aeabi_memcpy4                          0x0800021f   Thumb Code     0  memcpya.o(.text)
    __aeabi_memcpy8                          0x0800021f   Thumb Code     0  memcpya.o(.text)
    __aeabi_memset                           0x08000243   Thumb Code    14  memseta.o(.text)
    __aeabi_memset4                          0x08000243   Thumb Code     0  memseta.o(.text)
    __aeabi_memset8                          0x08000243   Thumb Code     0  memseta.o(.text)
    __aeabi_memclr                           0x08000251   Thumb Code     4  memseta.o(.text)
    __aeabi_memclr4                          0x08000251   Thumb Code     0  memseta.o(.text)
    __aeabi_memclr8                          0x08000251   Thumb Code     0  memseta.o(.text)
    _memset$wrapper                          0x08000255   Thumb Code    18  memseta.o(.text)
    __aeabi_llsl                             0x08000267   Thumb Code    30  llshl.o(.text)
    _ll_shift_l                              0x08000267   Thumb Code     0  llshl.o(.text)
    __aeabi_llsr                             0x08000285   Thumb Code    32  llushr.o(.text)
    _ll_ushift_r                             0x08000285   Thumb Code     0  llushr.o(.text)
    __scatterload                            0x080002a5   Thumb Code    28  init.o(.text)
    __scatterload_rt2                        0x080002a5   Thumb Code     0  init.o(.text)
    __decompress                             0x080002c9   Thumb Code     0  __dczerorl2.o(.text)
    __decompress1                            0x080002c9   Thumb Code    86  __dczerorl2.o(.text)
    BusFault_Handler                         0x0800031f   Thumb Code     4  stm32f2xx_it.o(i.BusFault_Handler)
    CAN1_RX0_IRQHandler                      0x08000325   Thumb Code    10  stm32f2xx_it.o(i.CAN1_RX0_IRQHandler)
    CDC_Transmit_FS                          0x08000469   Thumb Code    50  usbd_cdc_if.o(i.CDC_Transmit_FS)
    Cal_CRC16                                0x080004a1   Thumb Code    52  ymodem.o(i.Cal_CRC16)
    DebugMon_Handler                         0x080004d5   Thumb Code     2  stm32f2xx_it.o(i.DebugMon_Handler)
    DelayTimeAdapter                         0x080004d7   Thumb Code    36  menu.o(i.DelayTimeAdapter)
    Error_Handler                            0x080004fb   Thumb Code     6  main.o(i.Error_Handler)
    FLASH_Erase_Sector                       0x08000501   Thumb Code    98  stm32f2xx_hal_flash_ex.o(i.FLASH_Erase_Sector)
    FLASH_If_Erase_App_Space                 0x08000569   Thumb Code    32  flash_if.o(i.FLASH_If_Erase_App_Space)
    FLASH_If_GetWriteProtectionStatus        0x08000589   Thumb Code     4  flash_if.o(i.FLASH_If_GetWriteProtectionStatus)
    FLASH_If_Init                            0x0800058d   Thumb Code    18  flash_if.o(i.FLASH_If_Init)
    FLASH_If_Write                           0x080005a5   Thumb Code    82  flash_if.o(i.FLASH_If_Write)
    FLASH_If_WriteProtectionConfig           0x080005fd   Thumb Code     6  flash_if.o(i.FLASH_If_WriteProtectionConfig)
    FLASH_WaitForLastOperation               0x0800074d   Thumb Code    90  stm32f2xx_hal_flash.o(i.FLASH_WaitForLastOperation)
    HAL_CAN_ActivateNotification             0x080007e5   Thumb Code    42  stm32f2xx_hal_can.o(i.HAL_CAN_ActivateNotification)
    HAL_CAN_ConfigFilter                     0x08000811   Thumb Code   286  stm32f2xx_hal_can.o(i.HAL_CAN_ConfigFilter)
    HAL_CAN_ErrorCallback                    0x08000935   Thumb Code     2  stm32f2xx_hal_can.o(i.HAL_CAN_ErrorCallback)
    HAL_CAN_GetRxMessage                     0x08000937   Thumb Code   404  stm32f2xx_hal_can.o(i.HAL_CAN_GetRxMessage)
    HAL_CAN_IRQHandler                       0x08000acb   Thumb Code   590  stm32f2xx_hal_can.o(i.HAL_CAN_IRQHandler)
    HAL_CAN_Init                             0x08000d19   Thumb Code   372  stm32f2xx_hal_can.o(i.HAL_CAN_Init)
    HAL_CAN_MspInit                          0x08000e8d   Thumb Code   138  can.o(i.HAL_CAN_MspInit)
    HAL_CAN_RxFifo0FullCallback              0x08000f25   Thumb Code     2  stm32f2xx_hal_can.o(i.HAL_CAN_RxFifo0FullCallback)
    HAL_CAN_RxFifo0MsgPendingCallback        0x08000f29   Thumb Code   346  main.o(i.HAL_CAN_RxFifo0MsgPendingCallback)
    HAL_CAN_RxFifo1FullCallback              0x0800111d   Thumb Code     2  stm32f2xx_hal_can.o(i.HAL_CAN_RxFifo1FullCallback)
    HAL_CAN_RxFifo1MsgPendingCallback        0x0800111f   Thumb Code     2  stm32f2xx_hal_can.o(i.HAL_CAN_RxFifo1MsgPendingCallback)
    HAL_CAN_SleepCallback                    0x08001121   Thumb Code     2  stm32f2xx_hal_can.o(i.HAL_CAN_SleepCallback)
    HAL_CAN_Start                            0x08001123   Thumb Code    94  stm32f2xx_hal_can.o(i.HAL_CAN_Start)
    HAL_CAN_TxMailbox0AbortCallback          0x08001181   Thumb Code     2  stm32f2xx_hal_can.o(i.HAL_CAN_TxMailbox0AbortCallback)
    HAL_CAN_TxMailbox0CompleteCallback       0x08001183   Thumb Code     2  stm32f2xx_hal_can.o(i.HAL_CAN_TxMailbox0CompleteCallback)
    HAL_CAN_TxMailbox1AbortCallback          0x08001185   Thumb Code     2  stm32f2xx_hal_can.o(i.HAL_CAN_TxMailbox1AbortCallback)
    HAL_CAN_TxMailbox1CompleteCallback       0x08001187   Thumb Code     2  stm32f2xx_hal_can.o(i.HAL_CAN_TxMailbox1CompleteCallback)
    HAL_CAN_TxMailbox2AbortCallback          0x08001189   Thumb Code     2  stm32f2xx_hal_can.o(i.HAL_CAN_TxMailbox2AbortCallback)
    HAL_CAN_TxMailbox2CompleteCallback       0x0800118b   Thumb Code     2  stm32f2xx_hal_can.o(i.HAL_CAN_TxMailbox2CompleteCallback)
    HAL_CAN_WakeUpFromRxMsgCallback          0x0800118d   Thumb Code     2  stm32f2xx_hal_can.o(i.HAL_CAN_WakeUpFromRxMsgCallback)
    HAL_Delay                                0x08001191   Thumb Code    36  stm32f2xx_hal.o(i.HAL_Delay)
    HAL_FLASH_Lock                           0x080011b9   Thumb Code    16  stm32f2xx_hal_flash.o(i.HAL_FLASH_Lock)
    HAL_FLASH_OB_Launch                      0x080011cd   Thumb Code    24  stm32f2xx_hal_flash.o(i.HAL_FLASH_OB_Launch)
    HAL_FLASH_Program                        0x080011e9   Thumb Code   142  stm32f2xx_hal_flash.o(i.HAL_FLASH_Program)
    HAL_FLASH_Unlock                         0x08001281   Thumb Code    38  stm32f2xx_hal_flash.o(i.HAL_FLASH_Unlock)
    HAL_GPIO_Init                            0x080012b5   Thumb Code   460  stm32f2xx_hal_gpio.o(i.HAL_GPIO_Init)
    HAL_GPIO_WritePin                        0x080014b1   Thumb Code    12  stm32f2xx_hal_gpio.o(i.HAL_GPIO_WritePin)
    HAL_GetTick                              0x080014bd   Thumb Code     6  stm32f2xx_hal.o(i.HAL_GetTick)
    HAL_IncTick                              0x080014c9   Thumb Code    16  stm32f2xx_hal.o(i.HAL_IncTick)
    HAL_Init                                 0x080014e1   Thumb Code    54  stm32f2xx_hal.o(i.HAL_Init)
    HAL_InitTick                             0x0800151d   Thumb Code    64  stm32f2xx_hal.o(i.HAL_InitTick)
    HAL_MspInit                              0x08001569   Thumb Code    68  stm32f2xx_hal_msp.o(i.HAL_MspInit)
    HAL_NVIC_EnableIRQ                       0x080015b1   Thumb Code    32  stm32f2xx_hal_cortex.o(i.HAL_NVIC_EnableIRQ)
    HAL_NVIC_SetPriority                     0x080015d1   Thumb Code   124  stm32f2xx_hal_cortex.o(i.HAL_NVIC_SetPriority)
    HAL_NVIC_SetPriorityGrouping             0x0800164d   Thumb Code    32  stm32f2xx_hal_cortex.o(i.HAL_NVIC_SetPriorityGrouping)
    HAL_PCDEx_SetRxFiFo                      0x08001675   Thumb Code    10  stm32f2xx_hal_pcd_ex.o(i.HAL_PCDEx_SetRxFiFo)
    HAL_PCDEx_SetTxFiFo                      0x0800167f   Thumb Code    78  stm32f2xx_hal_pcd_ex.o(i.HAL_PCDEx_SetTxFiFo)
    HAL_PCD_ConnectCallback                  0x080016cd   Thumb Code    14  usbd_conf.o(i.HAL_PCD_ConnectCallback)
    HAL_PCD_DataInStageCallback              0x080016db   Thumb Code    32  usbd_conf.o(i.HAL_PCD_DataInStageCallback)
    HAL_PCD_DataOutStageCallback             0x080016fb   Thumb Code    32  usbd_conf.o(i.HAL_PCD_DataOutStageCallback)
    HAL_PCD_DisconnectCallback               0x0800171b   Thumb Code    14  usbd_conf.o(i.HAL_PCD_DisconnectCallback)
    HAL_PCD_EP_Abort                         0x08001729   Thumb Code    66  stm32f2xx_hal_pcd.o(i.HAL_PCD_EP_Abort)
    HAL_PCD_EP_Close                         0x0800176b   Thumb Code   106  stm32f2xx_hal_pcd.o(i.HAL_PCD_EP_Close)
    HAL_PCD_EP_ClrStall                      0x080017d5   Thumb Code   124  stm32f2xx_hal_pcd.o(i.HAL_PCD_EP_ClrStall)
    HAL_PCD_EP_GetRxCount                    0x08001851   Thumb Code    22  stm32f2xx_hal_pcd.o(i.HAL_PCD_EP_GetRxCount)
    HAL_PCD_EP_Open                          0x08001867   Thumb Code   140  stm32f2xx_hal_pcd.o(i.HAL_PCD_EP_Open)
    HAL_PCD_EP_Receive                       0x080018f3   Thumb Code    70  stm32f2xx_hal_pcd.o(i.HAL_PCD_EP_Receive)
    HAL_PCD_EP_SetStall                      0x08001939   Thumb Code   138  stm32f2xx_hal_pcd.o(i.HAL_PCD_EP_SetStall)
    HAL_PCD_EP_Transmit                      0x080019c3   Thumb Code    72  stm32f2xx_hal_pcd.o(i.HAL_PCD_EP_Transmit)
    HAL_PCD_IRQHandler                       0x08001a0b   Thumb Code  1714  stm32f2xx_hal_pcd.o(i.HAL_PCD_IRQHandler)
    HAL_PCD_ISOINIncompleteCallback          0x080020bd   Thumb Code    18  usbd_conf.o(i.HAL_PCD_ISOINIncompleteCallback)
    HAL_PCD_ISOOUTIncompleteCallback         0x080020cf   Thumb Code    18  usbd_conf.o(i.HAL_PCD_ISOOUTIncompleteCallback)
    HAL_PCD_Init                             0x080020e1   Thumb Code   350  stm32f2xx_hal_pcd.o(i.HAL_PCD_Init)
    HAL_PCD_MspInit                          0x08002241   Thumb Code   160  usbd_conf.o(i.HAL_PCD_MspInit)
    HAL_PCD_ResetCallback                    0x080022e9   Thumb Code    48  usbd_conf.o(i.HAL_PCD_ResetCallback)
    HAL_PCD_ResumeCallback                   0x08002319   Thumb Code    14  usbd_conf.o(i.HAL_PCD_ResumeCallback)
    HAL_PCD_SOFCallback                      0x08002327   Thumb Code    14  usbd_conf.o(i.HAL_PCD_SOFCallback)
    HAL_PCD_SetAddress                       0x08002335   Thumb Code    52  stm32f2xx_hal_pcd.o(i.HAL_PCD_SetAddress)
    HAL_PCD_SetupStageCallback               0x08002369   Thumb Code    18  usbd_conf.o(i.HAL_PCD_SetupStageCallback)
    HAL_PCD_Start                            0x0800237b   Thumb Code    52  stm32f2xx_hal_pcd.o(i.HAL_PCD_Start)
    HAL_PCD_SuspendCallback                  0x080023b1   Thumb Code    46  usbd_conf.o(i.HAL_PCD_SuspendCallback)
    HAL_RCC_ClockConfig                      0x080023e5   Thumb Code   374  stm32f2xx_hal_rcc.o(i.HAL_RCC_ClockConfig)
    HAL_RCC_GetHCLKFreq                      0x08002571   Thumb Code     6  stm32f2xx_hal_rcc.o(i.HAL_RCC_GetHCLKFreq)
    HAL_RCC_GetSysClockFreq                  0x0800257d   Thumb Code   162  stm32f2xx_hal_rcc.o(i.HAL_RCC_GetSysClockFreq)
    HAL_RCC_OscConfig                        0x0800262d   Thumb Code  1046  stm32f2xx_hal_rcc.o(i.HAL_RCC_OscConfig)
    HAL_SYSTICK_Config                       0x08002a43   Thumb Code    52  stm32f2xx_hal_cortex.o(i.HAL_SYSTICK_Config)
    HardFault_Handler                        0x08002a77   Thumb Code     4  stm32f2xx_it.o(i.HardFault_Handler)
    IAP_Init                                 0x08002a7d   Thumb Code    16  menu.o(i.IAP_Init)
    Int2Str                                  0x08002a9d   Thumb Code    84  common.o(i.Int2Str)
    MX_CAN1_Init                             0x08002b35   Thumb Code    62  can.o(i.MX_CAN1_Init)
    MX_GPIO_Init                             0x08002b7d   Thumb Code   424  gpio.o(i.MX_GPIO_Init)
    MX_USB_DEVICE_Init                       0x08002d3d   Thumb Code    60  usb_device.o(i.MX_USB_DEVICE_Init)
    Main_Menu                                0x08002d89   Thumb Code   270  menu.o(i.Main_Menu)
    MemManage_Handler                        0x08003129   Thumb Code     4  stm32f2xx_it.o(i.MemManage_Handler)
    NMI_Handler                              0x0800312d   Thumb Code     4  stm32f2xx_it.o(i.NMI_Handler)
    OTG_FS_IRQHandler                        0x08003131   Thumb Code    10  stm32f2xx_it.o(i.OTG_FS_IRQHandler)
    PendSV_Handler                           0x0800339f   Thumb Code     2  stm32f2xx_it.o(i.PendSV_Handler)
    ReceiveAdapter                           0x08003481   Thumb Code    68  menu.o(i.ReceiveAdapter)
    SVC_Handler                              0x080035a5   Thumb Code     2  stm32f2xx_it.o(i.SVC_Handler)
    SerialDownload                           0x080035a9   Thumb Code   118  menu.o(i.SerialDownload)
    SerialUpload                             0x08003729   Thumb Code    70  menu.o(i.SerialUpload)
    Serial_PutByte                           0x080037f9   Thumb Code    18  common.o(i.Serial_PutByte)
    Serial_PutString                         0x08003811   Thumb Code    34  common.o(i.Serial_PutString)
    Str2Int                                  0x08003839   Thumb Code   244  common.o(i.Str2Int)
    SysTick_Handler                          0x0800392d   Thumb Code     8  stm32f2xx_it.o(i.SysTick_Handler)
    SystemClock_Config                       0x08003935   Thumb Code   104  main.o(i.SystemClock_Config)
    SystemInit                               0x0800399d   Thumb Code     2  system_stm32f2xx.o(i.SystemInit)
    TransmitAdapter                          0x080039a1   Thumb Code    42  menu.o(i.TransmitAdapter)
    USBD_CDC_GetDeviceQualifierDescriptor    0x08003b01   Thumb Code    10  usbd_cdc.o(i.USBD_CDC_GetDeviceQualifierDescriptor)
    USBD_CDC_ReceivePacket                   0x08003bf9   Thumb Code    58  usbd_cdc.o(i.USBD_CDC_ReceivePacket)
    USBD_CDC_RegisterInterface               0x08003c33   Thumb Code    14  usbd_cdc.o(i.USBD_CDC_RegisterInterface)
    USBD_CDC_SetRxBuffer                     0x08003c41   Thumb Code    14  usbd_cdc.o(i.USBD_CDC_SetRxBuffer)
    USBD_CDC_SetTxBuffer                     0x08003c4f   Thumb Code    20  usbd_cdc.o(i.USBD_CDC_SetTxBuffer)
    USBD_CDC_TransmitPacket                  0x08003d57   Thumb Code    62  usbd_cdc.o(i.USBD_CDC_TransmitPacket)
    USBD_ClrClassConfig                      0x08003d95   Thumb Code    22  usbd_core.o(i.USBD_ClrClassConfig)
    USBD_CtlContinueRx                       0x08003de9   Thumb Code    24  usbd_ioreq.o(i.USBD_CtlContinueRx)
    USBD_CtlContinueSendData                 0x08003e01   Thumb Code    24  usbd_ioreq.o(i.USBD_CtlContinueSendData)
    USBD_CtlError                            0x08003e19   Thumb Code    24  usbd_ctlreq.o(i.USBD_CtlError)
    USBD_CtlPrepareRx                        0x08003e31   Thumb Code    40  usbd_ioreq.o(i.USBD_CtlPrepareRx)
    USBD_CtlReceiveStatus                    0x08003e59   Thumb Code    26  usbd_ioreq.o(i.USBD_CtlReceiveStatus)
    USBD_CtlSendData                         0x08003e73   Thumb Code    34  usbd_ioreq.o(i.USBD_CtlSendData)
    USBD_CtlSendStatus                       0x08003e95   Thumb Code    26  usbd_ioreq.o(i.USBD_CtlSendStatus)
    USBD_FS_ConfigStrDescriptor              0x08003eb1   Thumb Code    34  usbd_desc.o(i.USBD_FS_ConfigStrDescriptor)
    USBD_FS_DeviceDescriptor                 0x08003ee5   Thumb Code    10  usbd_desc.o(i.USBD_FS_DeviceDescriptor)
    USBD_FS_InterfaceStrDescriptor           0x08003ef5   Thumb Code    34  usbd_desc.o(i.USBD_FS_InterfaceStrDescriptor)
    USBD_FS_LangIDStrDescriptor              0x08003f2d   Thumb Code    10  usbd_desc.o(i.USBD_FS_LangIDStrDescriptor)
    USBD_FS_ManufacturerStrDescriptor        0x08003f3d   Thumb Code    20  usbd_desc.o(i.USBD_FS_ManufacturerStrDescriptor)
    USBD_FS_ProductStrDescriptor             0x08003f69   Thumb Code    34  usbd_desc.o(i.USBD_FS_ProductStrDescriptor)
    USBD_FS_SerialStrDescriptor              0x08003fa9   Thumb Code    18  usbd_desc.o(i.USBD_FS_SerialStrDescriptor)
    USBD_GetString                           0x08004279   Thumb Code    82  usbd_ctlreq.o(i.USBD_GetString)
    USBD_Get_USB_Status                      0x080042cb   Thumb Code    44  usbd_conf.o(i.USBD_Get_USB_Status)
    USBD_Init                                0x080042f7   Thumb Code    50  usbd_core.o(i.USBD_Init)
    USBD_LL_ClearStallEP                     0x08004329   Thumb Code    38  usbd_conf.o(i.USBD_LL_ClearStallEP)
    USBD_LL_CloseEP                          0x0800434f   Thumb Code    38  usbd_conf.o(i.USBD_LL_CloseEP)
    USBD_LL_DataInStage                      0x08004375   Thumb Code   256  usbd_core.o(i.USBD_LL_DataInStage)
    USBD_LL_DataOutStage                     0x08004475   Thumb Code   166  usbd_core.o(i.USBD_LL_DataOutStage)
    USBD_LL_DevConnected                     0x0800451b   Thumb Code     6  usbd_core.o(i.USBD_LL_DevConnected)
    USBD_LL_DevDisconnected                  0x08004521   Thumb Code    26  usbd_core.o(i.USBD_LL_DevDisconnected)
    USBD_LL_GetRxDataSize                    0x0800453b   Thumb Code    18  usbd_conf.o(i.USBD_LL_GetRxDataSize)
    USBD_LL_Init                             0x0800454d   Thumb Code    98  usbd_conf.o(i.USBD_LL_Init)
    USBD_LL_IsStallEP                        0x080045b5   Thumb Code    56  usbd_conf.o(i.USBD_LL_IsStallEP)
    USBD_LL_IsoINIncomplete                  0x080045ed   Thumb Code     6  usbd_core.o(i.USBD_LL_IsoINIncomplete)
    USBD_LL_IsoOUTIncomplete                 0x080045f3   Thumb Code     6  usbd_core.o(i.USBD_LL_IsoOUTIncomplete)
    USBD_LL_OpenEP                           0x080045f9   Thumb Code    48  usbd_conf.o(i.USBD_LL_OpenEP)
    USBD_LL_PrepareReceive                   0x08004629   Thumb Code    48  usbd_conf.o(i.USBD_LL_PrepareReceive)
    USBD_LL_Reset                            0x08004659   Thumb Code    92  usbd_core.o(i.USBD_LL_Reset)
    USBD_LL_Resume                           0x080046b5   Thumb Code    22  usbd_core.o(i.USBD_LL_Resume)
    USBD_LL_SOF                              0x080046cb   Thumb Code    34  usbd_core.o(i.USBD_LL_SOF)
    USBD_LL_SetSpeed                         0x080046ed   Thumb Code     8  usbd_core.o(i.USBD_LL_SetSpeed)
    USBD_LL_SetUSBAddress                    0x080046f5   Thumb Code    38  usbd_conf.o(i.USBD_LL_SetUSBAddress)
    USBD_LL_SetupStage                       0x0800471b   Thumb Code   110  usbd_core.o(i.USBD_LL_SetupStage)
    USBD_LL_StallEP                          0x08004789   Thumb Code    38  usbd_conf.o(i.USBD_LL_StallEP)
    USBD_LL_Start                            0x080047af   Thumb Code    30  usbd_conf.o(i.USBD_LL_Start)
    USBD_LL_Suspend                          0x080047cd   Thumb Code    20  usbd_core.o(i.USBD_LL_Suspend)
    USBD_LL_Transmit                         0x080047e1   Thumb Code    48  usbd_conf.o(i.USBD_LL_Transmit)
    USBD_ParseSetupRequest                   0x08004811   Thumb Code    40  usbd_ctlreq.o(i.USBD_ParseSetupRequest)
    USBD_RegisterClass                       0x08004839   Thumb Code    16  usbd_core.o(i.USBD_RegisterClass)
    USBD_RunTestMode                         0x08004849   Thumb Code     6  usbd_core.o(i.USBD_RunTestMode)
    USBD_SetClassConfig                      0x080048a9   Thumb Code    34  usbd_core.o(i.USBD_SetClassConfig)
    USBD_Start                               0x080049cd   Thumb Code    14  usbd_core.o(i.USBD_Start)
    USBD_StdDevReq                           0x080049db   Thumb Code   162  usbd_ctlreq.o(i.USBD_StdDevReq)
    USBD_StdEPReq                            0x08004a7d   Thumb Code   568  usbd_ctlreq.o(i.USBD_StdEPReq)
    USBD_StdItfReq                           0x08004cb5   Thumb Code   126  usbd_ctlreq.o(i.USBD_StdItfReq)
    USB_ActivateEndpoint                     0x08004d35   Thumb Code   202  stm32f2xx_ll_usb.o(i.USB_ActivateEndpoint)
    USB_ActivateSetup                        0x08004e05   Thumb Code    40  stm32f2xx_ll_usb.o(i.USB_ActivateSetup)
    USB_CoreInit                             0x08004e2d   Thumb Code   120  stm32f2xx_ll_usb.o(i.USB_CoreInit)
    USB_DeactivateEndpoint                   0x08004efd   Thumb Code   318  stm32f2xx_ll_usb.o(i.USB_DeactivateEndpoint)
    USB_DevConnect                           0x08005049   Thumb Code    36  stm32f2xx_ll_usb.o(i.USB_DevConnect)
    USB_DevDisconnect                        0x0800506d   Thumb Code    36  stm32f2xx_ll_usb.o(i.USB_DevDisconnect)
    USB_DevInit                              0x08005091   Thumb Code   480  stm32f2xx_ll_usb.o(i.USB_DevInit)
    USB_DisableGlobalInt                     0x08005279   Thumb Code    14  stm32f2xx_ll_usb.o(i.USB_DisableGlobalInt)
    USB_EP0_OutStart                         0x08005289   Thumb Code   106  stm32f2xx_ll_usb.o(i.USB_EP0_OutStart)
    USB_EPClearStall                         0x080052f9   Thumb Code   142  stm32f2xx_ll_usb.o(i.USB_EPClearStall)
    USB_EPSetStall                           0x08005387   Thumb Code   154  stm32f2xx_ll_usb.o(i.USB_EPSetStall)
    USB_EPStartXfer                          0x08005421   Thumb Code   944  stm32f2xx_ll_usb.o(i.USB_EPStartXfer)
    USB_EPStopXfer                           0x080057d5   Thumb Code   236  stm32f2xx_ll_usb.o(i.USB_EPStopXfer)
    USB_EnableGlobalInt                      0x080058c1   Thumb Code    14  stm32f2xx_ll_usb.o(i.USB_EnableGlobalInt)
    USB_FlushRxFifo                          0x080058cf   Thumb Code    80  stm32f2xx_ll_usb.o(i.USB_FlushRxFifo)
    USB_FlushTxFifo                          0x0800591f   Thumb Code    84  stm32f2xx_ll_usb.o(i.USB_FlushTxFifo)
    USB_GetDevSpeed                          0x08005973   Thumb Code    38  stm32f2xx_ll_usb.o(i.USB_GetDevSpeed)
    USB_GetMode                              0x08005999   Thumb Code    10  stm32f2xx_ll_usb.o(i.USB_GetMode)
    USB_ReadDevAllInEpInterrupt              0x080059a3   Thumb Code    20  stm32f2xx_ll_usb.o(i.USB_ReadDevAllInEpInterrupt)
    USB_ReadDevAllOutEpInterrupt             0x080059b7   Thumb Code    20  stm32f2xx_ll_usb.o(i.USB_ReadDevAllOutEpInterrupt)
    USB_ReadDevInEPInterrupt                 0x080059cb   Thumb Code    50  stm32f2xx_ll_usb.o(i.USB_ReadDevInEPInterrupt)
    USB_ReadDevOutEPInterrupt                0x080059fd   Thumb Code    26  stm32f2xx_ll_usb.o(i.USB_ReadDevOutEPInterrupt)
    USB_ReadInterrupts                       0x08005a17   Thumb Code    10  stm32f2xx_ll_usb.o(i.USB_ReadInterrupts)
    USB_ReadPacket                           0x08005a21   Thumb Code    96  stm32f2xx_ll_usb.o(i.USB_ReadPacket)
    USB_SetCurrentMode                       0x08005a81   Thumb Code   104  stm32f2xx_ll_usb.o(i.USB_SetCurrentMode)
    USB_SetDevAddress                        0x08005ae9   Thumb Code    42  stm32f2xx_ll_usb.o(i.USB_SetDevAddress)
    USB_SetDevSpeed                          0x08005b13   Thumb Code    18  stm32f2xx_ll_usb.o(i.USB_SetDevSpeed)
    USB_SetTurnaroundTime                    0x08005b25   Thumb Code   192  stm32f2xx_ll_usb.o(i.USB_SetTurnaroundTime)
    USB_WritePacket                          0x08005c0d   Thumb Code    68  stm32f2xx_ll_usb.o(i.USB_WritePacket)
    UpdateCRC16                              0x08005c51   Thumb Code    50  ymodem.o(i.UpdateCRC16)
    UsageFault_Handler                       0x08005c83   Thumb Code     4  stm32f2xx_it.o(i.UsageFault_Handler)
    Ymodem_Receive                           0x08005c89   Thumb Code   432  ymodem.o(i.Ymodem_Receive)
    Ymodem_Transmit                          0x08005e4d   Thumb Code   580  ymodem.o(i.Ymodem_Transmit)
    __0sprintf$8                             0x08006099   Thumb Code    34  printf8.o(i.__0sprintf$8)
    __1sprintf$8                             0x08006099   Thumb Code     0  printf8.o(i.__0sprintf$8)
    __2sprintf                               0x08006099   Thumb Code     0  printf8.o(i.__0sprintf$8)
    __scatterload_copy                       0x080060f9   Thumb Code    14  handlers.o(i.__scatterload_copy)
    __scatterload_null                       0x08006107   Thumb Code     2  handlers.o(i.__scatterload_null)
    __scatterload_zeroinit                   0x08006109   Thumb Code    14  handlers.o(i.__scatterload_zeroinit)
    free                                     0x08006585   Thumb Code    76  malloc.o(i.free)
    handle_restart                           0x080065d5   Thumb Code    46  usbd_cdc_if.o(i.handle_restart)
    handle_show                              0x08006629   Thumb Code    36  usbd_cdc_if.o(i.handle_show)
    main                                     0x08006665   Thumb Code   212  main.o(i.main)
    malloc                                   0x0800674d   Thumb Code    92  malloc.o(i.malloc)
    AHBPrescTable                            0x080067b8   Data          16  system_stm32f2xx.o(.constdata)
    APBPrescTable                            0x080067c8   Data           8  system_stm32f2xx.o(.constdata)
    Region$$Table$$Base                      0x080069b0   Number         0  anon$$obj.o(Region$$Table)
    Region$$Table$$Limit                     0x080069d0   Number         0  anon$$obj.o(Region$$Table)
    expectedData                             0x20000000   Data           8  main.o(.data)
    canrecv_cnt                              0x20000008   Data           4  main.o(.data)
    uwTick                                   0x2000000c   Data           4  stm32f2xx_hal.o(.data)
    uwTickPrio                               0x20000010   Data           4  stm32f2xx_hal.o(.data)
    uwTickFreq                               0x20000014   Data           1  stm32f2xx_hal.o(.data)
    SystemCoreClock                          0x20000018   Data           4  system_stm32f2xx.o(.data)
    FS_Desc                                  0x2000001c   Data          28  usbd_desc.o(.data)
    USBD_FS_DeviceDesc                       0x20000038   Data          18  usbd_desc.o(.data)
    USBD_LangIDDesc                          0x2000004c   Data           4  usbd_desc.o(.data)
    USBD_StringSerial                        0x20000050   Data          26  usbd_desc.o(.data)
    USBD_CDC_LineCoding                      0x2000006c   Data           8  usbd_cdc_if.o(.data)
    commandTable                             0x20000074   Data          16  usbd_cdc_if.o(.data)
    USBD_Interface_fops_FS                   0x20000084   Data          16  usbd_cdc_if.o(.data)
    USBD_CDC                                 0x200000a4   Data          56  usbd_cdc.o(.data)
    USBD_CDC_CfgHSDesc                       0x200000dc   Data          67  usbd_cdc.o(.data)
    USBD_CDC_CfgFSDesc                       0x20000120   Data          67  usbd_cdc.o(.data)
    USBD_CDC_OtherSpeedCfgDesc               0x20000164   Data          67  usbd_cdc.o(.data)
    JumpToApplication                        0x200001a8   Data           4  menu.o(.data)
    JumpAddress                              0x200001ac   Data           4  menu.o(.data)
    FlashProtection                          0x200001b0   Data           4  menu.o(.data)
    iap_recive                               0x200001b4   Data           8  menu.o(.data)
    __microlib_freelist                      0x200001bc   Data           4  mvars.o(.data)
    __microlib_freelist_initialised          0x200001c0   Data           4  mvars.o(.data)
    hcan1                                    0x200001c4   Data          40  can.o(.bss)
    pFlash                                   0x200001ec   Data          32  stm32f2xx_hal_flash.o(.bss)
    hUsbDeviceFS                             0x2000020c   Data         708  usb_device.o(.bss)
    USBD_StrDesc                             0x200004d0   Data         512  usbd_desc.o(.bss)
    UserRxBufferFS                           0x200006d0   Data        2048  usbd_cdc_if.o(.bss)
    UserTxBufferFS                           0x20000ed0   Data        2048  usbd_cdc_if.o(.bss)
    hpcd_USB_OTG_FS                          0x200016d0   Data        1244  usbd_conf.o(.bss)
    aPacketData                              0x20001bac   Data        1030  ymodem.o(.bss)
    aFileName                                0x20001fb4   Data          64  menu.o(.bss)
    iapInterface                             0x20001ff4   Data          12  menu.o(.bss)
    __heap_base                              0x20002000   Data           0  startup_stm32f207xx.o(HEAP)
    __heap_limit                             0x20004000   Data           0  startup_stm32f207xx.o(HEAP)
    __initial_sp                             0x20004400   Data           0  startup_stm32f207xx.o(STACK)



==============================================================================

Memory Map of the image

  Image Entry point : 0x08000185

  Load Region LR_IROM1 (Base: 0x08000000, Size: 0x00006b94, Max: 0x00080000, ABSOLUTE, COMPRESSED[0x00006aac])

    Execution Region ER_IROM1 (Base: 0x08000000, Size: 0x000069d0, Max: 0x00080000, ABSOLUTE)

    Base Addr    Size         Type   Attr      Idx    E Section Name        Object

    0x08000000   0x00000184   Data   RO            3    RESET               startup_stm32f207xx.o
    0x08000184   0x00000000   Code   RO         3482  * .ARM.Collect$$$$00000000  mc_w.l(entry.o)
    0x08000184   0x00000004   Code   RO         3784    .ARM.Collect$$$$00000001  mc_w.l(entry2.o)
    0x08000188   0x00000004   Code   RO         3787    .ARM.Collect$$$$00000004  mc_w.l(entry5.o)
    0x0800018c   0x00000000   Code   RO         3789    .ARM.Collect$$$$00000008  mc_w.l(entry7b.o)
    0x0800018c   0x00000000   Code   RO         3791    .ARM.Collect$$$$0000000A  mc_w.l(entry8b.o)
    0x0800018c   0x00000008   Code   RO         3792    .ARM.Collect$$$$0000000B  mc_w.l(entry9a.o)
    0x08000194   0x00000000   Code   RO         3794    .ARM.Collect$$$$0000000D  mc_w.l(entry10a.o)
    0x08000194   0x00000000   Code   RO         3796    .ARM.Collect$$$$0000000F  mc_w.l(entry11a.o)
    0x08000194   0x00000004   Code   RO         3785    .ARM.Collect$$$$00002712  mc_w.l(entry2.o)
    0x08000198   0x00000024   Code   RO            4    .text               startup_stm32f207xx.o
    0x080001bc   0x00000062   Code   RO         3485    .text               mc_w.l(uldiv.o)
    0x0800021e   0x00000024   Code   RO         3487    .text               mc_w.l(memcpya.o)
    0x08000242   0x00000024   Code   RO         3489    .text               mc_w.l(memseta.o)
    0x08000266   0x0000001e   Code   RO         3803    .text               mc_w.l(llshl.o)
    0x08000284   0x00000020   Code   RO         3805    .text               mc_w.l(llushr.o)
    0x080002a4   0x00000024   Code   RO         3820    .text               mc_w.l(init.o)
    0x080002c8   0x00000056   Code   RO         3836    .text               mc_w.l(__dczerorl2.o)
    0x0800031e   0x00000004   Code   RO          297    i.BusFault_Handler  stm32f2xx_it.o
    0x08000322   0x00000002   PAD
    0x08000324   0x00000010   Code   RO          298    i.CAN1_RX0_IRQHandler  stm32f2xx_it.o
    0x08000334   0x00000038   Code   RO           13    i.CANFilter_Config  main.o
    0x0800036c   0x000000a0   Code   RO         2585    i.CDC_Control_FS    usbd_cdc_if.o
    0x0800040c   0x00000004   Code   RO         2586    i.CDC_DeInit_FS     usbd_cdc_if.o
    0x08000410   0x00000024   Code   RO         2587    i.CDC_Init_FS       usbd_cdc_if.o
    0x08000434   0x00000034   Code   RO         2588    i.CDC_Receive_FS    usbd_cdc_if.o
    0x08000468   0x00000038   Code   RO         2589    i.CDC_Transmit_FS   usbd_cdc_if.o
    0x080004a0   0x00000034   Code   RO         3255    i.Cal_CRC16         ymodem.o
    0x080004d4   0x00000002   Code   RO          299    i.DebugMon_Handler  stm32f2xx_it.o
    0x080004d6   0x00000024   Code   RO         3324    i.DelayTimeAdapter  menu.o
    0x080004fa   0x00000006   Code   RO           14    i.Error_Handler     main.o
    0x08000500   0x00000068   Code   RO         1605    i.FLASH_Erase_Sector  stm32f2xx_hal_flash_ex.o
    0x08000568   0x00000020   Code   RO         3395    i.FLASH_If_Erase_App_Space  flash_if.o
    0x08000588   0x00000004   Code   RO         3396    i.FLASH_If_GetWriteProtectionStatus  flash_if.o
    0x0800058c   0x00000018   Code   RO         3397    i.FLASH_If_Init     flash_if.o
    0x080005a4   0x00000058   Code   RO         3398    i.FLASH_If_Write    flash_if.o
    0x080005fc   0x00000006   Code   RO         3399    i.FLASH_If_WriteProtectionConfig  flash_if.o
    0x08000602   0x00000002   PAD
    0x08000604   0x00000024   Code   RO         1487    i.FLASH_Program_Byte  stm32f2xx_hal_flash.o
    0x08000628   0x0000003c   Code   RO         1488    i.FLASH_Program_DoubleWord  stm32f2xx_hal_flash.o
    0x08000664   0x00000028   Code   RO         1489    i.FLASH_Program_HalfWord  stm32f2xx_hal_flash.o
    0x0800068c   0x00000028   Code   RO         1490    i.FLASH_Program_Word  stm32f2xx_hal_flash.o
    0x080006b4   0x00000098   Code   RO         1491    i.FLASH_SetErrorCode  stm32f2xx_hal_flash.o
    0x0800074c   0x00000064   Code   RO         1492    i.FLASH_WaitForLastOperation  stm32f2xx_hal_flash.o
    0x080007b0   0x00000034   Code   RO         2495    i.Get_SerialNum     usbd_desc.o
    0x080007e4   0x0000002a   Code   RO         2158    i.HAL_CAN_ActivateNotification  stm32f2xx_hal_can.o
    0x0800080e   0x00000002   PAD
    0x08000810   0x00000124   Code   RO         2160    i.HAL_CAN_ConfigFilter  stm32f2xx_hal_can.o
    0x08000934   0x00000002   Code   RO         2163    i.HAL_CAN_ErrorCallback  stm32f2xx_hal_can.o
    0x08000936   0x00000194   Code   RO         2166    i.HAL_CAN_GetRxMessage  stm32f2xx_hal_can.o
    0x08000aca   0x0000024e   Code   RO         2170    i.HAL_CAN_IRQHandler  stm32f2xx_hal_can.o
    0x08000d18   0x00000174   Code   RO         2171    i.HAL_CAN_Init      stm32f2xx_hal_can.o
    0x08000e8c   0x00000098   Code   RO          256    i.HAL_CAN_MspInit   can.o
    0x08000f24   0x00000002   Code   RO         2178    i.HAL_CAN_RxFifo0FullCallback  stm32f2xx_hal_can.o
    0x08000f26   0x00000002   PAD
    0x08000f28   0x000001f4   Code   RO           15    i.HAL_CAN_RxFifo0MsgPendingCallback  main.o
    0x0800111c   0x00000002   Code   RO         2180    i.HAL_CAN_RxFifo1FullCallback  stm32f2xx_hal_can.o
    0x0800111e   0x00000002   Code   RO         2181    i.HAL_CAN_RxFifo1MsgPendingCallback  stm32f2xx_hal_can.o
    0x08001120   0x00000002   Code   RO         2182    i.HAL_CAN_SleepCallback  stm32f2xx_hal_can.o
    0x08001122   0x0000005e   Code   RO         2183    i.HAL_CAN_Start     stm32f2xx_hal_can.o
    0x08001180   0x00000002   Code   RO         2185    i.HAL_CAN_TxMailbox0AbortCallback  stm32f2xx_hal_can.o
    0x08001182   0x00000002   Code   RO         2186    i.HAL_CAN_TxMailbox0CompleteCallback  stm32f2xx_hal_can.o
    0x08001184   0x00000002   Code   RO         2187    i.HAL_CAN_TxMailbox1AbortCallback  stm32f2xx_hal_can.o
    0x08001186   0x00000002   Code   RO         2188    i.HAL_CAN_TxMailbox1CompleteCallback  stm32f2xx_hal_can.o
    0x08001188   0x00000002   Code   RO         2189    i.HAL_CAN_TxMailbox2AbortCallback  stm32f2xx_hal_can.o
    0x0800118a   0x00000002   Code   RO         2190    i.HAL_CAN_TxMailbox2CompleteCallback  stm32f2xx_hal_can.o
    0x0800118c   0x00000002   Code   RO         2192    i.HAL_CAN_WakeUpFromRxMsgCallback  stm32f2xx_hal_can.o
    0x0800118e   0x00000002   PAD
    0x08001190   0x00000028   Code   RO         1012    i.HAL_Delay         stm32f2xx_hal.o
    0x080011b8   0x00000014   Code   RO         1496    i.HAL_FLASH_Lock    stm32f2xx_hal_flash.o
    0x080011cc   0x0000001c   Code   RO         1497    i.HAL_FLASH_OB_Launch  stm32f2xx_hal_flash.o
    0x080011e8   0x00000098   Code   RO         1501    i.HAL_FLASH_Program  stm32f2xx_hal_flash.o
    0x08001280   0x00000034   Code   RO         1503    i.HAL_FLASH_Unlock  stm32f2xx_hal_flash.o
    0x080012b4   0x000001fc   Code   RO         1875    i.HAL_GPIO_Init     stm32f2xx_hal_gpio.o
    0x080014b0   0x0000000c   Code   RO         1879    i.HAL_GPIO_WritePin  stm32f2xx_hal_gpio.o
    0x080014bc   0x0000000c   Code   RO         1018    i.HAL_GetTick       stm32f2xx_hal.o
    0x080014c8   0x00000018   Code   RO         1024    i.HAL_IncTick       stm32f2xx_hal.o
    0x080014e0   0x0000003c   Code   RO         1025    i.HAL_Init          stm32f2xx_hal.o
    0x0800151c   0x0000004c   Code   RO         1026    i.HAL_InitTick      stm32f2xx_hal.o
    0x08001568   0x00000048   Code   RO          385    i.HAL_MspInit       stm32f2xx_hal_msp.o
    0x080015b0   0x00000020   Code   RO         1342    i.HAL_NVIC_EnableIRQ  stm32f2xx_hal_cortex.o
    0x080015d0   0x0000007c   Code   RO         1348    i.HAL_NVIC_SetPriority  stm32f2xx_hal_cortex.o
    0x0800164c   0x00000028   Code   RO         1349    i.HAL_NVIC_SetPriorityGrouping  stm32f2xx_hal_cortex.o
    0x08001674   0x0000000a   Code   RO          411    i.HAL_PCDEx_SetRxFiFo  stm32f2xx_hal_pcd_ex.o
    0x0800167e   0x0000004e   Code   RO          412    i.HAL_PCDEx_SetTxFiFo  stm32f2xx_hal_pcd_ex.o
    0x080016cc   0x0000000e   Code   RO         2662    i.HAL_PCD_ConnectCallback  usbd_conf.o
    0x080016da   0x00000020   Code   RO         2663    i.HAL_PCD_DataInStageCallback  usbd_conf.o
    0x080016fa   0x00000020   Code   RO         2664    i.HAL_PCD_DataOutStageCallback  usbd_conf.o
    0x0800171a   0x0000000e   Code   RO         2665    i.HAL_PCD_DisconnectCallback  usbd_conf.o
    0x08001728   0x00000042   Code   RO          460    i.HAL_PCD_EP_Abort  stm32f2xx_hal_pcd.o
    0x0800176a   0x0000006a   Code   RO          461    i.HAL_PCD_EP_Close  stm32f2xx_hal_pcd.o
    0x080017d4   0x0000007c   Code   RO          462    i.HAL_PCD_EP_ClrStall  stm32f2xx_hal_pcd.o
    0x08001850   0x00000016   Code   RO          464    i.HAL_PCD_EP_GetRxCount  stm32f2xx_hal_pcd.o
    0x08001866   0x0000008c   Code   RO          465    i.HAL_PCD_EP_Open   stm32f2xx_hal_pcd.o
    0x080018f2   0x00000046   Code   RO          466    i.HAL_PCD_EP_Receive  stm32f2xx_hal_pcd.o
    0x08001938   0x0000008a   Code   RO          467    i.HAL_PCD_EP_SetStall  stm32f2xx_hal_pcd.o
    0x080019c2   0x00000048   Code   RO          468    i.HAL_PCD_EP_Transmit  stm32f2xx_hal_pcd.o
    0x08001a0a   0x000006b2   Code   RO          470    i.HAL_PCD_IRQHandler  stm32f2xx_hal_pcd.o
    0x080020bc   0x00000012   Code   RO         2666    i.HAL_PCD_ISOINIncompleteCallback  usbd_conf.o
    0x080020ce   0x00000012   Code   RO         2667    i.HAL_PCD_ISOOUTIncompleteCallback  usbd_conf.o
    0x080020e0   0x0000015e   Code   RO          473    i.HAL_PCD_Init      stm32f2xx_hal_pcd.o
    0x0800223e   0x00000002   PAD
    0x08002240   0x000000a8   Code   RO         2669    i.HAL_PCD_MspInit   usbd_conf.o
    0x080022e8   0x00000030   Code   RO         2670    i.HAL_PCD_ResetCallback  usbd_conf.o
    0x08002318   0x0000000e   Code   RO         2671    i.HAL_PCD_ResumeCallback  usbd_conf.o
    0x08002326   0x0000000e   Code   RO         2672    i.HAL_PCD_SOFCallback  usbd_conf.o
    0x08002334   0x00000034   Code   RO          479    i.HAL_PCD_SetAddress  stm32f2xx_hal_pcd.o
    0x08002368   0x00000012   Code   RO         2673    i.HAL_PCD_SetupStageCallback  usbd_conf.o
    0x0800237a   0x00000034   Code   RO          482    i.HAL_PCD_Start     stm32f2xx_hal_pcd.o
    0x080023ae   0x00000002   PAD
    0x080023b0   0x00000034   Code   RO         2674    i.HAL_PCD_SuspendCallback  usbd_conf.o
    0x080023e4   0x0000018c   Code   RO         1192    i.HAL_RCC_ClockConfig  stm32f2xx_hal_rcc.o
    0x08002570   0x0000000c   Code   RO         1197    i.HAL_RCC_GetHCLKFreq  stm32f2xx_hal_rcc.o
    0x0800257c   0x000000b0   Code   RO         1201    i.HAL_RCC_GetSysClockFreq  stm32f2xx_hal_rcc.o
    0x0800262c   0x00000416   Code   RO         1204    i.HAL_RCC_OscConfig  stm32f2xx_hal_rcc.o
    0x08002a42   0x00000034   Code   RO         1353    i.HAL_SYSTICK_Config  stm32f2xx_hal_cortex.o
    0x08002a76   0x00000004   Code   RO          300    i.HardFault_Handler  stm32f2xx_it.o
    0x08002a7a   0x00000002   PAD
    0x08002a7c   0x00000020   Code   RO         3325    i.IAP_Init          menu.o
    0x08002a9c   0x00000058   Code   RO         3443    i.Int2Str           common.o
    0x08002af4   0x0000003e   Code   RO         2496    i.IntToUnicode      usbd_desc.o
    0x08002b32   0x00000002   PAD
    0x08002b34   0x00000048   Code   RO          257    i.MX_CAN1_Init      can.o
    0x08002b7c   0x000001c0   Code   RO          231    i.MX_GPIO_Init      gpio.o
    0x08002d3c   0x0000004c   Code   RO         2464    i.MX_USB_DEVICE_Init  usb_device.o
    0x08002d88   0x000003a0   Code   RO         3326    i.Main_Menu         menu.o
    0x08003128   0x00000004   Code   RO          301    i.MemManage_Handler  stm32f2xx_it.o
    0x0800312c   0x00000004   Code   RO          302    i.NMI_Handler       stm32f2xx_it.o
    0x08003130   0x00000010   Code   RO          303    i.OTG_FS_IRQHandler  stm32f2xx_it.o
    0x08003140   0x00000064   Code   RO          486    i.PCD_EP_OutSetupPacket_int  stm32f2xx_hal_pcd.o
    0x080031a4   0x00000144   Code   RO          487    i.PCD_EP_OutXfrComplete_int  stm32f2xx_hal_pcd.o
    0x080032e8   0x000000b6   Code   RO          488    i.PCD_WriteEmptyTxFifo  stm32f2xx_hal_pcd.o
    0x0800339e   0x00000002   Code   RO          304    i.PendSV_Handler    stm32f2xx_it.o
    0x080033a0   0x00000066   Code   RO         3257    i.PrepareIntialPacket  ymodem.o
    0x08003406   0x0000007a   Code   RO         3258    i.PreparePacket     ymodem.o
    0x08003480   0x0000004c   Code   RO         3327    i.ReceiveAdapter    menu.o
    0x080034cc   0x000000d8   Code   RO         3259    i.ReceivePacket     ymodem.o
    0x080035a4   0x00000002   Code   RO          305    i.SVC_Handler       stm32f2xx_it.o
    0x080035a6   0x00000002   PAD
    0x080035a8   0x00000180   Code   RO         3328    i.SerialDownload    menu.o
    0x08003728   0x000000d0   Code   RO         3329    i.SerialUpload      menu.o
    0x080037f8   0x00000018   Code   RO         3444    i.Serial_PutByte    common.o
    0x08003810   0x00000028   Code   RO         3445    i.Serial_PutString  common.o
    0x08003838   0x000000f4   Code   RO         3446    i.Str2Int           common.o
    0x0800392c   0x00000008   Code   RO          306    i.SysTick_Handler   stm32f2xx_it.o
    0x08003934   0x00000068   Code   RO           16    i.SystemClock_Config  main.o
    0x0800399c   0x00000002   Code   RO         2428    i.SystemInit        system_stm32f2xx.o
    0x0800399e   0x00000002   PAD
    0x080039a0   0x00000030   Code   RO         3330    i.TransmitAdapter   menu.o
    0x080039d0   0x0000007c   Code   RO         3150    i.USBD_CDC_DataIn   usbd_cdc.o
    0x08003a4c   0x00000034   Code   RO         3151    i.USBD_CDC_DataOut  usbd_cdc.o
    0x08003a80   0x0000004e   Code   RO         3152    i.USBD_CDC_DeInit   usbd_cdc.o
    0x08003ace   0x00000032   Code   RO         3153    i.USBD_CDC_EP0_RxReady  usbd_cdc.o
    0x08003b00   0x00000010   Code   RO         3154    i.USBD_CDC_GetDeviceQualifierDescriptor  usbd_cdc.o
    0x08003b10   0x00000010   Code   RO         3155    i.USBD_CDC_GetFSCfgDesc  usbd_cdc.o
    0x08003b20   0x00000010   Code   RO         3156    i.USBD_CDC_GetHSCfgDesc  usbd_cdc.o
    0x08003b30   0x00000010   Code   RO         3157    i.USBD_CDC_GetOtherSpeedCfgDesc  usbd_cdc.o
    0x08003b40   0x000000b8   Code   RO         3158    i.USBD_CDC_Init     usbd_cdc.o
    0x08003bf8   0x0000003a   Code   RO         3159    i.USBD_CDC_ReceivePacket  usbd_cdc.o
    0x08003c32   0x0000000e   Code   RO         3160    i.USBD_CDC_RegisterInterface  usbd_cdc.o
    0x08003c40   0x0000000e   Code   RO         3161    i.USBD_CDC_SetRxBuffer  usbd_cdc.o
    0x08003c4e   0x00000014   Code   RO         3162    i.USBD_CDC_SetTxBuffer  usbd_cdc.o
    0x08003c62   0x000000f4   Code   RO         3163    i.USBD_CDC_Setup    usbd_cdc.o
    0x08003d56   0x0000003e   Code   RO         3164    i.USBD_CDC_TransmitPacket  usbd_cdc.o
    0x08003d94   0x00000016   Code   RO         2857    i.USBD_ClrClassConfig  usbd_core.o
    0x08003daa   0x0000003e   Code   RO         2995    i.USBD_ClrFeature   usbd_ctlreq.o
    0x08003de8   0x00000018   Code   RO         3090    i.USBD_CtlContinueRx  usbd_ioreq.o
    0x08003e00   0x00000018   Code   RO         3091    i.USBD_CtlContinueSendData  usbd_ioreq.o
    0x08003e18   0x00000018   Code   RO         2996    i.USBD_CtlError     usbd_ctlreq.o
    0x08003e30   0x00000028   Code   RO         3092    i.USBD_CtlPrepareRx  usbd_ioreq.o
    0x08003e58   0x0000001a   Code   RO         3093    i.USBD_CtlReceiveStatus  usbd_ioreq.o
    0x08003e72   0x00000022   Code   RO         3094    i.USBD_CtlSendData  usbd_ioreq.o
    0x08003e94   0x0000001a   Code   RO         3095    i.USBD_CtlSendStatus  usbd_ioreq.o
    0x08003eae   0x00000002   PAD
    0x08003eb0   0x00000034   Code   RO         2497    i.USBD_FS_ConfigStrDescriptor  usbd_desc.o
    0x08003ee4   0x00000010   Code   RO         2498    i.USBD_FS_DeviceDescriptor  usbd_desc.o
    0x08003ef4   0x00000038   Code   RO         2499    i.USBD_FS_InterfaceStrDescriptor  usbd_desc.o
    0x08003f2c   0x00000010   Code   RO         2500    i.USBD_FS_LangIDStrDescriptor  usbd_desc.o
    0x08003f3c   0x0000002c   Code   RO         2501    i.USBD_FS_ManufacturerStrDescriptor  usbd_desc.o
    0x08003f68   0x00000040   Code   RO         2502    i.USBD_FS_ProductStrDescriptor  usbd_desc.o
    0x08003fa8   0x00000018   Code   RO         2503    i.USBD_FS_SerialStrDescriptor  usbd_desc.o
    0x08003fc0   0x00000056   Code   RO         2997    i.USBD_GetConfig    usbd_ctlreq.o
    0x08004016   0x000001f4   Code   RO         2998    i.USBD_GetDescriptor  usbd_ctlreq.o
    0x0800420a   0x00000014   Code   RO         2999    i.USBD_GetLen       usbd_ctlreq.o
    0x0800421e   0x0000005a   Code   RO         3000    i.USBD_GetStatus    usbd_ctlreq.o
    0x08004278   0x00000052   Code   RO         3001    i.USBD_GetString    usbd_ctlreq.o
    0x080042ca   0x0000002c   Code   RO         2675    i.USBD_Get_USB_Status  usbd_conf.o
    0x080042f6   0x00000032   Code   RO         2859    i.USBD_Init         usbd_core.o
    0x08004328   0x00000026   Code   RO         2676    i.USBD_LL_ClearStallEP  usbd_conf.o
    0x0800434e   0x00000026   Code   RO         2677    i.USBD_LL_CloseEP   usbd_conf.o
    0x08004374   0x00000100   Code   RO         2860    i.USBD_LL_DataInStage  usbd_core.o
    0x08004474   0x000000a6   Code   RO         2861    i.USBD_LL_DataOutStage  usbd_core.o
    0x0800451a   0x00000006   Code   RO         2862    i.USBD_LL_DevConnected  usbd_core.o
    0x08004520   0x0000001a   Code   RO         2863    i.USBD_LL_DevDisconnected  usbd_core.o
    0x0800453a   0x00000012   Code   RO         2681    i.USBD_LL_GetRxDataSize  usbd_conf.o
    0x0800454c   0x00000068   Code   RO         2682    i.USBD_LL_Init      usbd_conf.o
    0x080045b4   0x00000038   Code   RO         2683    i.USBD_LL_IsStallEP  usbd_conf.o
    0x080045ec   0x00000006   Code   RO         2864    i.USBD_LL_IsoINIncomplete  usbd_core.o
    0x080045f2   0x00000006   Code   RO         2865    i.USBD_LL_IsoOUTIncomplete  usbd_core.o
    0x080045f8   0x00000030   Code   RO         2684    i.USBD_LL_OpenEP    usbd_conf.o
    0x08004628   0x00000030   Code   RO         2685    i.USBD_LL_PrepareReceive  usbd_conf.o
    0x08004658   0x0000005c   Code   RO         2866    i.USBD_LL_Reset     usbd_core.o
    0x080046b4   0x00000016   Code   RO         2867    i.USBD_LL_Resume    usbd_core.o
    0x080046ca   0x00000022   Code   RO         2868    i.USBD_LL_SOF       usbd_core.o
    0x080046ec   0x00000008   Code   RO         2869    i.USBD_LL_SetSpeed  usbd_core.o
    0x080046f4   0x00000026   Code   RO         2686    i.USBD_LL_SetUSBAddress  usbd_conf.o
    0x0800471a   0x0000006e   Code   RO         2870    i.USBD_LL_SetupStage  usbd_core.o
    0x08004788   0x00000026   Code   RO         2687    i.USBD_LL_StallEP   usbd_conf.o
    0x080047ae   0x0000001e   Code   RO         2688    i.USBD_LL_Start     usbd_conf.o
    0x080047cc   0x00000014   Code   RO         2871    i.USBD_LL_Suspend   usbd_core.o
    0x080047e0   0x00000030   Code   RO         2690    i.USBD_LL_Transmit  usbd_conf.o
    0x08004810   0x00000028   Code   RO         3002    i.USBD_ParseSetupRequest  usbd_ctlreq.o
    0x08004838   0x00000010   Code   RO         2872    i.USBD_RegisterClass  usbd_core.o
    0x08004848   0x00000006   Code   RO         2873    i.USBD_RunTestMode  usbd_core.o
    0x0800484e   0x0000005a   Code   RO         3003    i.USBD_SetAddress   usbd_ctlreq.o
    0x080048a8   0x00000022   Code   RO         2874    i.USBD_SetClassConfig  usbd_core.o
    0x080048ca   0x00000002   PAD
    0x080048cc   0x000000e8   Code   RO         3004    i.USBD_SetConfig    usbd_ctlreq.o
    0x080049b4   0x00000018   Code   RO         3005    i.USBD_SetFeature   usbd_ctlreq.o
    0x080049cc   0x0000000e   Code   RO         2875    i.USBD_Start        usbd_core.o
    0x080049da   0x000000a2   Code   RO         3006    i.USBD_StdDevReq    usbd_ctlreq.o
    0x08004a7c   0x00000238   Code   RO         3007    i.USBD_StdEPReq     usbd_ctlreq.o
    0x08004cb4   0x0000007e   Code   RO         3008    i.USBD_StdItfReq    usbd_ctlreq.o
    0x08004d32   0x00000002   PAD
    0x08004d34   0x000000d0   Code   RO          695    i.USB_ActivateEndpoint  stm32f2xx_ll_usb.o
    0x08004e04   0x00000028   Code   RO          697    i.USB_ActivateSetup  stm32f2xx_ll_usb.o
    0x08004e2c   0x0000007c   Code   RO          699    i.USB_CoreInit      stm32f2xx_ll_usb.o
    0x08004ea8   0x00000054   Code   RO          700    i.USB_CoreReset     stm32f2xx_ll_usb.o
    0x08004efc   0x0000014c   Code   RO          703    i.USB_DeactivateEndpoint  stm32f2xx_ll_usb.o
    0x08005048   0x00000024   Code   RO          704    i.USB_DevConnect    stm32f2xx_ll_usb.o
    0x0800506c   0x00000024   Code   RO          705    i.USB_DevDisconnect  stm32f2xx_ll_usb.o
    0x08005090   0x000001e8   Code   RO          706    i.USB_DevInit       stm32f2xx_ll_usb.o
    0x08005278   0x0000000e   Code   RO          707    i.USB_DisableGlobalInt  stm32f2xx_ll_usb.o
    0x08005286   0x00000002   PAD
    0x08005288   0x00000070   Code   RO          710    i.USB_EP0_OutStart  stm32f2xx_ll_usb.o
    0x080052f8   0x0000008e   Code   RO          711    i.USB_EPClearStall  stm32f2xx_ll_usb.o
    0x08005386   0x0000009a   Code   RO          712    i.USB_EPSetStall    stm32f2xx_ll_usb.o
    0x08005420   0x000003b4   Code   RO          713    i.USB_EPStartXfer   stm32f2xx_ll_usb.o
    0x080057d4   0x000000ec   Code   RO          714    i.USB_EPStopXfer    stm32f2xx_ll_usb.o
    0x080058c0   0x0000000e   Code   RO          715    i.USB_EnableGlobalInt  stm32f2xx_ll_usb.o
    0x080058ce   0x00000050   Code   RO          716    i.USB_FlushRxFifo   stm32f2xx_ll_usb.o
    0x0800591e   0x00000054   Code   RO          717    i.USB_FlushTxFifo   stm32f2xx_ll_usb.o
    0x08005972   0x00000026   Code   RO          719    i.USB_GetDevSpeed   stm32f2xx_ll_usb.o
    0x08005998   0x0000000a   Code   RO          721    i.USB_GetMode       stm32f2xx_ll_usb.o
    0x080059a2   0x00000014   Code   RO          729    i.USB_ReadDevAllInEpInterrupt  stm32f2xx_ll_usb.o
    0x080059b6   0x00000014   Code   RO          730    i.USB_ReadDevAllOutEpInterrupt  stm32f2xx_ll_usb.o
    0x080059ca   0x00000032   Code   RO          731    i.USB_ReadDevInEPInterrupt  stm32f2xx_ll_usb.o
    0x080059fc   0x0000001a   Code   RO          732    i.USB_ReadDevOutEPInterrupt  stm32f2xx_ll_usb.o
    0x08005a16   0x0000000a   Code   RO          733    i.USB_ReadInterrupts  stm32f2xx_ll_usb.o
    0x08005a20   0x00000060   Code   RO          734    i.USB_ReadPacket    stm32f2xx_ll_usb.o
    0x08005a80   0x00000068   Code   RO          736    i.USB_SetCurrentMode  stm32f2xx_ll_usb.o
    0x08005ae8   0x0000002a   Code   RO          737    i.USB_SetDevAddress  stm32f2xx_ll_usb.o
    0x08005b12   0x00000012   Code   RO          738    i.USB_SetDevSpeed   stm32f2xx_ll_usb.o
    0x08005b24   0x000000e8   Code   RO          739    i.USB_SetTurnaroundTime  stm32f2xx_ll_usb.o
    0x08005c0c   0x00000044   Code   RO          742    i.USB_WritePacket   stm32f2xx_ll_usb.o
    0x08005c50   0x00000032   Code   RO         3260    i.UpdateCRC16       ymodem.o
    0x08005c82   0x00000004   Code   RO          307    i.UsageFault_Handler  stm32f2xx_it.o
    0x08005c86   0x00000002   PAD
    0x08005c88   0x000001c4   Code   RO         3261    i.Ymodem_Receive    ymodem.o
    0x08005e4c   0x0000024c   Code   RO         3262    i.Ymodem_Transmit   ymodem.o
    0x08006098   0x00000028   Code   RO         3704    i.__0sprintf$8      mc_w.l(printf8.o)
    0x080060c0   0x00000010   Code   RO         1355    i.__NVIC_GetPriorityGrouping  stm32f2xx_hal_cortex.o
    0x080060d0   0x00000028   Code   RO         1356    i.__NVIC_SetPriority  stm32f2xx_hal_cortex.o
    0x080060f8   0x0000000e   Code   RO         3830    i.__scatterload_copy  mc_w.l(handlers.o)
    0x08006106   0x00000002   Code   RO         3831    i.__scatterload_null  mc_w.l(handlers.o)
    0x08006108   0x0000000e   Code   RO         3832    i.__scatterload_zeroinit  mc_w.l(handlers.o)
    0x08006116   0x00000002   PAD
    0x08006118   0x00000410   Code   RO         3709    i._printf_core      mc_w.l(printf8.o)
    0x08006528   0x00000024   Code   RO         3710    i._printf_post_padding  mc_w.l(printf8.o)
    0x0800654c   0x0000002e   Code   RO         3711    i._printf_pre_padding  mc_w.l(printf8.o)
    0x0800657a   0x0000000a   Code   RO         3713    i._sputc            mc_w.l(printf8.o)
    0x08006584   0x00000050   Code   RO         3756    i.free              mc_w.l(malloc.o)
    0x080065d4   0x00000054   Code   RO         2591    i.handle_restart    usbd_cdc_if.o
    0x08006628   0x0000003c   Code   RO         2592    i.handle_show       usbd_cdc_if.o
    0x08006664   0x000000e8   Code   RO           19    i.main              main.o
    0x0800674c   0x0000006c   Code   RO         3757    i.malloc            mc_w.l(malloc.o)
    0x080067b8   0x00000018   Data   RO         2429    .constdata          system_stm32f2xx.o
    0x080067d0   0x0000000d   Data   RO         2595    .conststring        usbd_cdc_if.o
    0x080067dd   0x00000003   PAD
    0x080067e0   0x000001cd   Data   RO         3332    .conststring        menu.o
    0x080069ad   0x00000003   PAD
    0x080069b0   0x00000020   Data   RO         3828    Region$$Table       anon$$obj.o


    Execution Region RW_IRAM1 (Base: 0x20000000, Size: 0x00004400, Max: 0x0001c000, ABSOLUTE, COMPRESSED[0x000000dc])

    Base Addr    Size         Type   Attr      Idx    E Section Name        Object

    0x20000000   0x0000000c   Data   RW           21    .data               main.o
    0x2000000c   0x00000009   Data   RW         1032    .data               stm32f2xx_hal.o
    0x20000015   0x00000003   PAD
    0x20000018   0x00000004   Data   RW         2430    .data               system_stm32f2xx.o
    0x2000001c   0x0000004e   Data   RW         2505    .data               usbd_desc.o
    0x2000006a   0x00000002   PAD
    0x2000006c   0x00000028   Data   RW         2596    .data               usbd_cdc_if.o
    0x20000094   0x00000001   Data   RW         3009    .data               usbd_ctlreq.o
    0x20000095   0x00000003   PAD
    0x20000098   0x0000010f   Data   RW         3165    .data               usbd_cdc.o
    0x200001a7   0x00000001   PAD
    0x200001a8   0x00000014   Data   RW         3333    .data               menu.o
    0x200001bc   0x00000004   Data   RW         3807    .data               mc_w.l(mvars.o)
    0x200001c0   0x00000004   Data   RW         3808    .data               mc_w.l(mvars.o)
    0x200001c4   0x00000028   Zero   RW          258    .bss                can.o
    0x200001ec   0x00000020   Zero   RW         1504    .bss                stm32f2xx_hal_flash.o
    0x2000020c   0x000002c4   Zero   RW         2465    .bss                usb_device.o
    0x200004d0   0x00000200   Zero   RW         2504    .bss                usbd_desc.o
    0x200006d0   0x00001000   Zero   RW         2594    .bss                usbd_cdc_if.o
    0x200016d0   0x000004dc   Zero   RW         2691    .bss                usbd_conf.o
    0x20001bac   0x00000406   Zero   RW         3263    .bss                ymodem.o
    0x20001fb2   0x00000002   PAD
    0x20001fb4   0x0000004c   Zero   RW         3331    .bss                menu.o
    0x20002000   0x00002000   Zero   RW            2    HEAP                startup_stm32f207xx.o
    0x20004000   0x00000400   Zero   RW            1    STACK               startup_stm32f207xx.o


    Execution Region RW_IRAM2 (Base: 0x2001c000, Size: 0x00000000, Max: 0x00004000, ABSOLUTE)

    **** No section assigned to this execution region ****


==============================================================================

Image component sizes


      Code (inc. data)   RO Data    RW Data    ZI Data      Debug   Object Name

       224         24          0          0         40       1641   can.o
       396         16          0          0          0       2812   common.o
       154         12          0          0          0       3089   flash_if.o
       448         24          0          0          0       1175   gpio.o
       898        178          0         12          0     636454   main.o
      1712       1092        461         20         76       9275   menu.o
        36          8        388          0       9216        804   startup_stm32f207xx.o
       212         36          0          9          0       9089   stm32f2xx_hal.o
      1818          6          0          0          0      12748   stm32f2xx_hal_can.o
       304         22          0          0          0      31103   stm32f2xx_hal_cortex.o
       680         68          0          0         32       6252   stm32f2xx_hal_flash.o
       104          6          0          0          0        685   stm32f2xx_hal_flash_ex.o
       520         48          0          0          0       2032   stm32f2xx_hal_gpio.o
        72          4          0          0          0        842   stm32f2xx_hal_msp.o
      3512         16          0          0          0      13212   stm32f2xx_hal_pcd.o
        88          0          0          0          0       1768   stm32f2xx_hal_pcd_ex.o
      1630         62          0          0          0       4302   stm32f2xx_hal_rcc.o
        66         12          0          0          0       4844   stm32f2xx_it.o
      3866         82          0          0          0      21824   stm32f2xx_ll_usb.o
         2          0         24          4          0       1119   system_stm32f2xx.o
        76         16          0          0        708        760   usb_device.o
       964         24          0        271          0      13010   usbd_cdc.o
       452         94         13         40       4096       5093   usbd_cdc_if.o
       990         20          0          0       1244      15648   usbd_conf.o
       894          0          0          0          0      12397   usbd_core.o
      2106         28          0          1          0      10664   usbd_ctlreq.o
       386        122          0         78        512       6589   usbd_desc.o
       174          0          0          0          0       4528   usbd_ioreq.o
      1582         34          0          0       1030       6763   ymodem.o

    ----------------------------------------------------------------------
     24398       2054        924        444      16956     840522   Object Totals
         0          0         32          0          0          0   (incl. Generated)
        32          0          6          9          2          0   (incl. Padding)

    ----------------------------------------------------------------------

      Code (inc. data)   RO Data    RW Data    ZI Data      Debug   Library Member Name

        86          0          0          0          0          0   __dczerorl2.o
         0          0          0          0          0          0   entry.o
         0          0          0          0          0          0   entry10a.o
         0          0          0          0          0          0   entry11a.o
         8          4          0          0          0          0   entry2.o
         4          0          0          0          0          0   entry5.o
         0          0          0          0          0          0   entry7b.o
         0          0          0          0          0          0   entry8b.o
         8          4          0          0          0          0   entry9a.o
        30          0          0          0          0          0   handlers.o
        36          8          0          0          0         68   init.o
        30          0          0          0          0         68   llshl.o
        32          0          0          0          0         68   llushr.o
       188         20          0          0          0        160   malloc.o
        36          0          0          0          0         68   memcpya.o
        36          0          0          0          0        108   memseta.o
         0          0          0          8          0          0   mvars.o
      1172         50          0          0          0        420   printf8.o
        98          0          0          0          0         92   uldiv.o

    ----------------------------------------------------------------------
      1766         86          0          8          0       1052   Library Totals
         2          0          0          0          0          0   (incl. Padding)

    ----------------------------------------------------------------------

      Code (inc. data)   RO Data    RW Data    ZI Data      Debug   Library Name

      1764         86          0          8          0       1052   mc_w.l

    ----------------------------------------------------------------------
      1766         86          0          8          0       1052   Library Totals

    ----------------------------------------------------------------------

==============================================================================


      Code (inc. data)   RO Data    RW Data    ZI Data      Debug   

     26164       2140        924        452      16956     829534   Grand Totals
     26164       2140        924        220      16956     829534   ELF Image Totals (compressed)
     26164       2140        924        220          0          0   ROM Totals

==============================================================================

    Total RO  Size (Code + RO Data)                27088 (  26.45kB)
    Total RW  Size (RW Data + ZI Data)             17408 (  17.00kB)
    Total ROM Size (Code + RO Data + RW Data)      27308 (  26.67kB)

==============================================================================

